<html>
<body>
<pre>
<h1>礦ision Build Log</h1>
<h2>Tool Versions:</h2>
IDE-Version: μVision V5.14.0.0
Copyright (C) 2015 ARM Ltd and ARM Germany GmbH. All rights reserved.
License Information: Zhouenfan HUAWEI, Tianjin University, LIC=JL28G-VD5B5-30JNC-7DFEP-4QU6U-MH04P
 
Tool Versions:
Toolchain:       MDK-ARM Standard  Version: 5.14.0.0
Toolchain Path:  D:\Keil5\ARM\ARMCC\Bin
C Compiler:      Armcc.exe V5.05 update 1 (build 106)
Assembler:       Armasm.exe V5.05 update 1 (build 106)
Linker/Locator:  ArmLink.exe V5.05 update 1 (build 106)
Library Manager: ArmAr.exe V5.05 update 1 (build 106)
Hex Converter:   FromElf.exe V5.05 update 1 (build 106)
CPU DLL:         SARMCM3.DLL V5.14.0.0
Dialog DLL:      DCM.DLL V1.13.1.0
Target DLL:      STLink\ST-LINKIII-KEIL_SWO.dll V2.0.14.0_KEIL
Dialog DLL:      TCM.DLL V1.14.4.0
 
<h2>Project:</h2>
c:\Users\HUAWEI\Desktop\L150PRO_STM32巡线运动底盘源码（C30D主控板）库函数_2022.11.14\USER\WHEELTEC.uvprojx
Project File Date:  03/24/2023

<h2>Output:</h2>
Build target 'FreeRTOS'
compiling main.c...
compiling stm32f4xx_it.c...
compiling system_stm32f4xx.c...
compiling adc.c...
compiling encoder.c...
compiling key.c...
compiling LED.C...
compiling motor.c...
compiling oled.c...
compiling usartx.c...
..\HARDWARE\usartx.c(120): warning:  #550-D: variable "Usart_Receive" was set but never used
                u8 Usart_Receive;               
..\HARDWARE\usartx.c: 1 warning, 0 errors
compiling lidar.c...
compiling pstwo.c...
compiling delay.c...
compiling sys.c...
compiling usart.c...
assembling startup_stm32f40_41xxx.s...
compiling misc.c...
compiling stm32f4xx_gpio.c...
compiling stm32f4xx_rcc.c...
compiling stm32f4xx_syscfg.c...
compiling stm32f4xx_usart.c...
compiling stm32f4xx_adc.c...
compiling stm32f4xx_can.c...
compiling stm32f4xx_tim.c...
compiling stm32f4xx_pwr.c...
compiling croutine.c...
compiling event_groups.c...
compiling list.c...
compiling queue.c...
compiling tasks.c...
compiling timers.c...
compiling port.c...
compiling heap_4.c...
compiling system.c...
compiling balance.c...
..\BALANCE\balance.c(77): warning:  #550-D: variable "R" was set but never used
                        float R, Ratio=636.56, AngleR, Angle_Servo;
..\BALANCE\balance.c: 1 warning, 0 errors
compiling robot_select_init.c...
compiling show.c...
linking...
Program Size: Code=41142 RO-data=6154 RW-data=708 ZI-data=28092  
FromELF: creating hex file...
"..\OBJ\WHEELTEC.axf" - 0 Error(s), 2 Warning(s).

<h2>Collection of Component include folders:</h2>
  c:\Users\HUAWEI\Desktop\L150PRO_STM32巡线运动底盘源码（C30D主控板）库函数_2022.11.14\USER\RTE
  D:\Keil5\ARM\PACK\Keil\STM32F4xx_DFP\2.5.0

<h2>Collection of Component Files used:</h2>
</pre>
</body>
</html>
