Component: ARM Compiler 5.05 update 1 (build 106) Tool: armlink [4d0efa]

==============================================================================

Section Cross References

    main.o(i.main) refers to system.o(i.systemInit) for systemInit
    main.o(i.main) refers to tasks.o(i.xTaskCreate) for xTaskCreate
    main.o(i.main) refers to tasks.o(i.vTaskStartScheduler) for vTaskStartScheduler
    main.o(i.main) refers to main.o(.data) for .data
    main.o(i.main) refers to main.o(i.start_task) for start_task
    main.o(i.start_task) refers to port.o(i.vPortEnterCritical) for vPortEnterCritical
    main.o(i.start_task) refers to tasks.o(i.xTaskCreate) for xTaskCreate
    main.o(i.start_task) refers to tasks.o(i.vTaskDelete) for vTaskDelete
    main.o(i.start_task) refers to port.o(i.vPortExitCritical) for vPortExitCritical
    main.o(i.start_task) refers to pstwo.o(i.pstwo_task) for pstwo_task
    main.o(i.start_task) refers to balance.o(i.Balance_task) for Balance_task
    main.o(i.start_task) refers to show.o(i.show_task) for show_task
    main.o(i.start_task) refers to led.o(i.led_task) for led_task
    main.o(i.start_task) refers to adc.o(i.adc_task) for adc_task
    main.o(i.start_task) refers to main.o(.data) for .data
    system_stm32f4xx.o(i.SystemCoreClockUpdate) refers to system_stm32f4xx.o(.data) for .data
    system_stm32f4xx.o(i.SystemInit) refers to system_stm32f4xx.o(i.SetSysClock) for SetSysClock
    adc.o(i.Adc_Init) refers to stm32f4xx_rcc.o(i.RCC_AHB1PeriphClockCmd) for RCC_AHB1PeriphClockCmd
    adc.o(i.Adc_Init) refers to stm32f4xx_rcc.o(i.RCC_APB2PeriphClockCmd) for RCC_APB2PeriphClockCmd
    adc.o(i.Adc_Init) refers to stm32f4xx_gpio.o(i.GPIO_Init) for GPIO_Init
    adc.o(i.Adc_Init) refers to stm32f4xx_rcc.o(i.RCC_APB2PeriphResetCmd) for RCC_APB2PeriphResetCmd
    adc.o(i.Adc_Init) refers to stm32f4xx_adc.o(i.ADC_CommonInit) for ADC_CommonInit
    adc.o(i.Adc_Init) refers to stm32f4xx_adc.o(i.ADC_Init) for ADC_Init
    adc.o(i.Adc_Init) refers to stm32f4xx_adc.o(i.ADC_Cmd) for ADC_Cmd
    adc.o(i.Find_CCD_Median) refers to balance.o(i.myabs) for myabs
    adc.o(i.Find_CCD_Median) refers to adc.o(.bss) for .bss
    adc.o(i.Find_CCD_Median) refers to adc.o(.data) for .data
    adc.o(i.Get_Adc) refers to stm32f4xx_adc.o(i.ADC_RegularChannelConfig) for ADC_RegularChannelConfig
    adc.o(i.Get_Adc) refers to stm32f4xx_adc.o(i.ADC_SoftwareStartConv) for ADC_SoftwareStartConv
    adc.o(i.Get_Adc) refers to stm32f4xx_adc.o(i.ADC_GetFlagStatus) for ADC_GetFlagStatus
    adc.o(i.Get_Adc) refers to stm32f4xx_adc.o(i.ADC_GetConversionValue) for ADC_GetConversionValue
    adc.o(i.Get_adc_Average) refers to adc.o(i.Get_Adc) for Get_Adc
    adc.o(i.Get_adc_Average) refers to delay.o(i.delay_ms) for delay_ms
    adc.o(i.Get_battery_volt) refers to adc.o(i.Get_Adc) for Get_Adc
    adc.o(i.Get_battery_volt) refers to dflt_clz.o(x$fpl$dfltu) for __aeabi_ui2d
    adc.o(i.Get_battery_volt) refers to dmul.o(x$fpl$dmul) for __aeabi_dmul
    adc.o(i.Get_battery_volt) refers to d2f.o(x$fpl$d2f) for __aeabi_d2f
    adc.o(i.RD_TSL) refers to adc.o(i.Dly_us) for Dly_us
    adc.o(i.RD_TSL) refers to adc.o(i.Get_Adc) for Get_Adc
    adc.o(i.RD_TSL) refers to adc.o(.bss) for .bss
    adc.o(i.adc_task) refers to delay.o(i.getSysTickCnt) for getSysTickCnt
    adc.o(i.adc_task) refers to tasks.o(i.vTaskDelayUntil) for vTaskDelayUntil
    adc.o(i.adc_task) refers to adc.o(i.Get_Adc) for Get_Adc
    adc.o(i.adc_task) refers to adc.o(i.RD_TSL) for RD_TSL
    adc.o(i.adc_task) refers to adc.o(i.Find_CCD_Median) for Find_CCD_Median
    adc.o(i.adc_task) refers to balance.o(.data) for Mode
    adc.o(i.adc_task) refers to adc.o(.data) for .data
    adc.o(i.ccd_Init) refers to stm32f4xx_rcc.o(i.RCC_AHB1PeriphClockCmd) for RCC_AHB1PeriphClockCmd
    adc.o(i.ccd_Init) refers to stm32f4xx_rcc.o(i.RCC_APB2PeriphClockCmd) for RCC_APB2PeriphClockCmd
    adc.o(i.ccd_Init) refers to stm32f4xx_gpio.o(i.GPIO_Init) for GPIO_Init
    adc.o(i.ccd_Init) refers to stm32f4xx_rcc.o(i.RCC_AHB2PeriphResetCmd) for RCC_AHB2PeriphResetCmd
    adc.o(i.ccd_Init) refers to stm32f4xx_adc.o(i.ADC_CommonInit) for ADC_CommonInit
    adc.o(i.ccd_Init) refers to stm32f4xx_adc.o(i.ADC_Init) for ADC_Init
    adc.o(i.ccd_Init) refers to stm32f4xx_adc.o(i.ADC_Cmd) for ADC_Cmd
    adc.o(i.ele_Init) refers to stm32f4xx_rcc.o(i.RCC_APB2PeriphClockCmd) for RCC_APB2PeriphClockCmd
    adc.o(i.ele_Init) refers to stm32f4xx_gpio.o(i.GPIO_Init) for GPIO_Init
    adc.o(i.ele_Init) refers to stm32f4xx_adc.o(i.ADC_DeInit) for ADC_DeInit
    adc.o(i.ele_Init) refers to stm32f4xx_adc.o(i.ADC_CommonInit) for ADC_CommonInit
    adc.o(i.ele_Init) refers to stm32f4xx_adc.o(i.ADC_Init) for ADC_Init
    adc.o(i.ele_Init) refers to stm32f4xx_adc.o(i.ADC_Cmd) for ADC_Cmd
    encoder.o(i.Encoder_Init_TIM2) refers to stm32f4xx_rcc.o(i.RCC_APB1PeriphClockCmd) for RCC_APB1PeriphClockCmd
[...]
    TIM1_UP_TIM10_IRQHandler                 0x0800034b   Thumb Code     0  startup_stm32f40_41xxx.o(.text)
    TIM6_DAC_IRQHandler                      0x0800034b   Thumb Code     0  startup_stm32f40_41xxx.o(.text)
    TIM7_IRQHandler                          0x0800034b   Thumb Code     0  startup_stm32f40_41xxx.o(.text)
    TIM8_BRK_TIM12_IRQHandler                0x0800034b   Thumb Code     0  startup_stm32f40_41xxx.o(.text)
    TIM8_CC_IRQHandler                       0x0800034b   Thumb Code     0  startup_stm32f40_41xxx.o(.text)
    TIM8_TRG_COM_TIM14_IRQHandler            0x0800034b   Thumb Code     0  startup_stm32f40_41xxx.o(.text)
    TIM8_UP_TIM13_IRQHandler                 0x0800034b   Thumb Code     0  startup_stm32f40_41xxx.o(.text)
    UART4_IRQHandler                         0x0800034b   Thumb Code     0  startup_stm32f40_41xxx.o(.text)
    USART3_IRQHandler                        0x0800034b   Thumb Code     0  startup_stm32f40_41xxx.o(.text)
    USART6_IRQHandler                        0x0800034b   Thumb Code     0  startup_stm32f40_41xxx.o(.text)
    WWDG_IRQHandler                          0x0800034b   Thumb Code     0  startup_stm32f40_41xxx.o(.text)
    __user_initial_stackheap                 0x0800034d   Thumb Code     0  startup_stm32f40_41xxx.o(.text)
    __use_no_semihosting                     0x08000371   Thumb Code     2  use_no_semi_2.o(.text)
    __2printf                                0x08000375   Thumb Code    20  noretval__2printf.o(.text)
    __printf                                 0x0800038d   Thumb Code   104  __printf.o(.text)
    _printf_str                              0x080003f5   Thumb Code    82  _printf_str.o(.text)
    _printf_int_dec                          0x08000449   Thumb Code   104  _printf_dec.o(.text)
    __aeabi_memcpy                           0x080004c1   Thumb Code     0  rt_memcpy_v6.o(.text)
    __rt_memcpy                              0x080004c1   Thumb Code   138  rt_memcpy_v6.o(.text)
    _memcpy_lastbytes                        0x08000527   Thumb Code     0  rt_memcpy_v6.o(.text)
    __aeabi_memset                           0x0800054b   Thumb Code    16  aeabi_memset.o(.text)
    __aeabi_memclr                           0x0800055b   Thumb Code     0  rt_memclr.o(.text)
    __rt_memclr                              0x0800055b   Thumb Code    68  rt_memclr.o(.text)
    _memset                                  0x0800055f   Thumb Code     0  rt_memclr.o(.text)
    __aeabi_memclr4                          0x0800059f   Thumb Code     0  rt_memclr_w.o(.text)
    __aeabi_memclr8                          0x0800059f   Thumb Code     0  rt_memclr_w.o(.text)
    __rt_memclr_w                            0x0800059f   Thumb Code    78  rt_memclr_w.o(.text)
    _memset_w                                0x080005a3   Thumb Code     0  rt_memclr_w.o(.text)
    __use_two_region_memory                  0x080005ed   Thumb Code     2  heapauxi.o(.text)
    __rt_heap_escrow$2region                 0x080005ef   Thumb Code     2  heapauxi.o(.text)
    __rt_heap_expand$2region                 0x080005f1   Thumb Code     2  heapauxi.o(.text)
    __I$use$semihosting                      0x080005f3   Thumb Code     0  use_no_semi.o(.text)
    __use_no_semihosting_swi                 0x080005f3   Thumb Code     2  use_no_semi.o(.text)
    __read_errno                             0x080005f5   Thumb Code    10  _rserrno.o(.text)
    __set_errno                              0x080005ff   Thumb Code    12  _rserrno.o(.text)
    _printf_int_common                       0x0800060b   Thumb Code   178  _printf_intcommon.o(.text)
    _printf_char_common                      0x080006c7   Thumb Code    32  _printf_char_common.o(.text)
    _printf_cs_common                        0x080006ed   Thumb Code    20  _printf_char.o(.text)
    _printf_char                             0x08000701   Thumb Code    16  _printf_char.o(.text)
    _printf_string                           0x08000711   Thumb Code     8  _printf_char.o(.text)
    _printf_char_file                        0x08000719   Thumb Code    32  _printf_char_file.o(.text)
    __aeabi_memcpy4                          0x0800073d   Thumb Code     0  rt_memcpy_w.o(.text)
    __aeabi_memcpy8                          0x0800073d   Thumb Code     0  rt_memcpy_w.o(.text)
    __rt_memcpy_w                            0x0800073d   Thumb Code   100  rt_memcpy_w.o(.text)
    _memcpy_lastbytes_aligned                0x08000785   Thumb Code     0  rt_memcpy_w.o(.text)
    __aeabi_errno_addr                       0x080007a1   Thumb Code     8  rt_errno_addr_intlibspace.o(.text)
    __errno$intlibspace                      0x080007a1   Thumb Code     0  rt_errno_addr_intlibspace.o(.text)
    __rt_errno_addr$intlibspace              0x080007a1   Thumb Code     0  rt_errno_addr_intlibspace.o(.text)
    ferror                                   0x080007a9   Thumb Code     8  ferror.o(.text)
    __user_libspace                          0x080007b1   Thumb Code     8  libspace.o(.text)
    __user_perproc_libspace                  0x080007b1   Thumb Code     0  libspace.o(.text)
    __user_perthread_libspace                0x080007b1   Thumb Code     0  libspace.o(.text)
    __user_setup_stackheap                   0x080007b9   Thumb Code    74  sys_stackheap_outer.o(.text)
    exit                                     0x08000803   Thumb Code    12  exit.o(.text)
    ADC_Cmd                                  0x0800080f   Thumb Code    20  stm32f4xx_adc.o(i.ADC_Cmd)
    ADC_CommonInit                           0x08000825   Thumb Code    34  stm32f4xx_adc.o(i.ADC_CommonInit)
    ADC_DeInit                               0x08000851   Thumb Code    24  stm32f4xx_adc.o(i.ADC_DeInit)
    ADC_GetConversionValue                   0x08000869   Thumb Code     6  stm32f4xx_adc.o(i.ADC_GetConversionValue)
    ADC_GetFlagStatus                        0x0800086f   Thumb Code    14  stm32f4xx_adc.o(i.ADC_GetFlagStatus)
    ADC_Init                                 0x0800087d   Thumb Code    66  stm32f4xx_adc.o(i.ADC_Init)
    ADC_RegularChannelConfig                 0x080008c9   Thumb Code   116  stm32f4xx_adc.o(i.ADC_RegularChannelConfig)
    ADC_SoftwareStartConv                    0x0800093d   Thumb Code    10  stm32f4xx_adc.o(i.ADC_SoftwareStartConv)
    APP_Show                                 0x08000949   Thumb Code   542  show.o(i.APP_Show)
    Adc_Init                                 0x08000c49   Thumb Code   146  adc.o(i.Adc_Init)
    Along_Adjust_PID                         0x08000ce5   Thumb Code   348  lidar.o(i.Along_Adjust_PID)
    Balance_task                             0x08000e6d   Thumb Code   564  balance.o(i.Balance_task)
    BusFault_Handler                         0x080010c5   Thumb Code     2  stm32f4xx_it.o(i.BusFault_Handler)
    Buzzer_Alarm                             0x080010c9   Thumb Code    28  led.o(i.Buzzer_Alarm)
    Buzzer_Init                              0x080010e9   Thumb Code    60  led.o(i.Buzzer_Init)
    DebugMon_Handler                         0x08001129   Thumb Code     2  stm32f4xx_it.o(i.DebugMon_Handler)
    Detect_Barrier                           0x0800112d   Thumb Code    70  balance.o(i.Detect_Barrier)
    Distance_Adjust_PID                      0x08001181   Thumb Code   162  lidar.o(i.Distance_Adjust_PID)
    Dly_us                                   0x08001245   Thumb Code    10  adc.o(i.Dly_us)
    Drive_Motor                              0x08001251   Thumb Code   962  balance.o(i.Drive_Motor)
    Enable_Pin                               0x08001691   Thumb Code    42  motor.o(i.Enable_Pin)
    Encoder_Init_TIM2                        0x080016c1   Thumb Code   212  encoder.o(i.Encoder_Init_TIM2)
    Encoder_Init_TIM3                        0x0800179d   Thumb Code   180  encoder.o(i.Encoder_Init_TIM3)
    Encoder_Init_TIM4                        0x08001859   Thumb Code   180  encoder.o(i.Encoder_Init_TIM4)
    Encoder_Init_TIM5                        0x08001915   Thumb Code   178  encoder.o(i.Encoder_Init_TIM5)
    Find_CCD_Median                          0x080019d1   Thumb Code   238  adc.o(i.Find_CCD_Median)
    Follow_Turn_PID                          0x08001ac9   Thumb Code   214  lidar.o(i.Follow_Turn_PID)
    GPIO_Init                                0x08001bc5   Thumb Code   120  stm32f4xx_gpio.o(i.GPIO_Init)
    GPIO_PinAFConfig                         0x08001c3d   Thumb Code    32  stm32f4xx_gpio.o(i.GPIO_PinAFConfig)
    GPIO_ResetBits                           0x08001c5d   Thumb Code     4  stm32f4xx_gpio.o(i.GPIO_ResetBits)
    GPIO_SetBits                             0x08001c61   Thumb Code     4  stm32f4xx_gpio.o(i.GPIO_SetBits)
    Get_Adc                                  0x08001c65   Thumb Code    44  adc.o(i.Get_Adc)
    Get_RC                                   0x08001c95   Thumb Code   402  balance.o(i.Get_RC)
    Get_RC_CCD                               0x08001e5d   Thumb Code   312  balance.o(i.Get_RC_CCD)
    Get_RC_ELE                               0x08001fe5   Thumb Code   418  balance.o(i.Get_RC_ELE)
    Get_Velocity_Form_Encoder                0x080021e9   Thumb Code   256  balance.o(i.Get_Velocity_Form_Encoder)
    Get_adc_Average                          0x0800230d   Thumb Code    46  adc.o(i.Get_adc_Average)
    Get_battery_volt                         0x0800233d   Thumb Code    70  adc.o(i.Get_battery_volt)
    HardFault_Handler                        0x080023a5   Thumb Code     2  stm32f4xx_it.o(i.HardFault_Handler)
    Incremental_PI_A                         0x080023a9   Thumb Code    96  balance.o(i.Incremental_PI_A)
    Incremental_PI_B                         0x08002425   Thumb Code    96  balance.o(i.Incremental_PI_B)
    Incremental_PI_C                         0x080024a1   Thumb Code    96  balance.o(i.Incremental_PI_C)
    Incremental_PI_D                         0x0800251d   Thumb Code    96  balance.o(i.Incremental_PI_D)
    KEY_Init                                 0x08002599   Thumb Code    40  key.o(i.KEY_Init)
    LED_Init                                 0x080025c5   Thumb Code    58  led.o(i.LED_Init)
    LIDAR_USART_Init                         0x08002605   Thumb Code   206  lidar.o(i.LIDAR_USART_Init)
    Lidar_Avoid                              0x080026e1   Thumb Code   254  balance.o(i.Lidar_Avoid)
    Lidar_Follow                             0x08002815   Thumb Code   374  balance.o(i.Lidar_Follow)
    Lidar_along_wall                         0x080029dd   Thumb Code   204  balance.o(i.Lidar_along_wall)
    Limit_Pwm                                0x08002ad1   Thumb Code   126  balance.o(i.Limit_Pwm)
    MemManage_Handler                        0x08002b61   Thumb Code     2  stm32f4xx_it.o(i.MemManage_Handler)
    MiniBalance_PWM11_Init                   0x08002b65   Thumb Code   150  motor.o(i.MiniBalance_PWM11_Init)
    MiniBalance_PWM1_Init                    0x08002c05   Thumb Code   238  motor.o(i.MiniBalance_PWM1_Init)
    MiniBalance_PWM9_Init                    0x08002cfd   Thumb Code   176  motor.o(i.MiniBalance_PWM9_Init)
    MiniBalance_PWM_Init                     0x08002db5   Thumb Code   150  motor.o(i.MiniBalance_PWM_Init)
    NMI_Handler                              0x08002e55   Thumb Code     2  stm32f4xx_it.o(i.NMI_Handler)
    NVIC_Init                                0x08002e59   Thumb Code    96  misc.o(i.NVIC_Init)
    NVIC_PriorityGroupConfig                 0x08002ebd   Thumb Code    10  misc.o(i.NVIC_PriorityGroupConfig)
    OLED_Clear                               0x08002ed1   Thumb Code    38  oled.o(i.OLED_Clear)
    OLED_DrawPoint                           0x08002efd   Thumb Code    54  oled.o(i.OLED_DrawPoint)
    OLED_DrawPoint_Shu                       0x08002f39   Thumb Code    50  show.o(i.OLED_DrawPoint_Shu)
    OLED_Init                                0x08002f6d   Thumb Code   294  oled.o(i.OLED_Init)
    OLED_Refresh_Gram                        0x0800309d   Thumb Code    66  oled.o(i.OLED_Refresh_Gram)
    OLED_ShowChar                            0x080030e5   Thumb Code   124  oled.o(i.OLED_ShowChar)
    OLED_ShowNumber                          0x08003169   Thumb Code   120  oled.o(i.OLED_ShowNumber)
    OLED_ShowString                          0x080031e1   Thumb Code    62  oled.o(i.OLED_ShowString)
    OLED_Show_CCD                            0x08003221   Thumb Code    42  show.o(i.OLED_Show_CCD)
    OLED_WR_Byte                             0x08003255   Thumb Code    62  oled.o(i.OLED_WR_Byte)
    PS2_ClearData                            0x08003299   Thumb Code    18  pstwo.o(i.PS2_ClearData)
    PS2_Cmd                                  0x080032b1   Thumb Code   136  pstwo.o(i.PS2_Cmd)
    PS2_Control                              0x08003341   Thumb Code   432  balance.o(i.PS2_Control)
    PS2_DataKey                              0x0800354d   Thumb Code    56  pstwo.o(i.PS2_DataKey)
    PS2_EnterConfing                         0x0800358d   Thumb Code    88  pstwo.o(i.PS2_EnterConfing)
    PS2_ExitConfing                          0x080035e9   Thumb Code    88  pstwo.o(i.PS2_ExitConfing)
    PS2_Init                                 0x08003645   Thumb Code    78  pstwo.o(i.PS2_Init)
    PS2_Read                                 0x08003699   Thumb Code   110  pstwo.o(i.PS2_Read)
    PS2_ReadData                             0x08003745   Thumb Code   156  pstwo.o(i.PS2_ReadData)
    PS2_SetInit                              0x080037ed   Thumb Code    30  pstwo.o(i.PS2_SetInit)
    PS2_ShortPoll                            0x0800380d   Thumb Code    64  pstwo.o(i.PS2_ShortPoll)
    PS2_TurnOnAnalogMode                     0x08003851   Thumb Code    82  pstwo.o(i.PS2_TurnOnAnalogMode)
    PWR_BackupAccessCmd                      0x080038a9   Thumb Code     6  stm32f4xx_pwr.o(i.PWR_BackupAccessCmd)
    RCC_AHB1PeriphClockCmd                   0x080038b5   Thumb Code    18  stm32f4xx_rcc.o(i.RCC_AHB1PeriphClockCmd)
    RCC_AHB2PeriphResetCmd                   0x080038cd   Thumb Code    18  stm32f4xx_rcc.o(i.RCC_AHB2PeriphResetCmd)
    RCC_APB1PeriphClockCmd                   0x080038e5   Thumb Code    18  stm32f4xx_rcc.o(i.RCC_APB1PeriphClockCmd)
    RCC_APB1PeriphResetCmd                   0x080038fd   Thumb Code    18  stm32f4xx_rcc.o(i.RCC_APB1PeriphResetCmd)
    RCC_APB2PeriphClockCmd                   0x08003915   Thumb Code    18  stm32f4xx_rcc.o(i.RCC_APB2PeriphClockCmd)
    RCC_APB2PeriphResetCmd                   0x0800392d   Thumb Code    18  stm32f4xx_rcc.o(i.RCC_APB2PeriphResetCmd)
    RCC_GetClocksFreq                        0x08003945   Thumb Code   132  stm32f4xx_rcc.o(i.RCC_GetClocksFreq)
    RCC_LSEConfig                            0x080039d5   Thumb Code    22  stm32f4xx_rcc.o(i.RCC_LSEConfig)
    RD_TSL                                   0x080039f1   Thumb Code   142  adc.o(i.RD_TSL)
    Read_Encoder                             0x08003a8d   Thumb Code    52  encoder.o(i.Read_Encoder)
    Robot_Init                               0x08003acd   Thumb Code   124  robot_select_init.o(i.Robot_Init)
    Robot_Select                             0x08003b65   Thumb Code   202  robot_select_init.o(i.Robot_Select)
    Servo_PWM_Init                           0x08003c8d   Thumb Code   166  motor.o(i.Servo_PWM_Init)
    Set_Pwm                                  0x08003df1   Thumb Code    94  balance.o(i.Set_Pwm)
    Smooth_control                           0x08003e65   Thumb Code   308  balance.o(i.Smooth_control)
    SysTick_CLKSourceConfig                  0x08003fa5   Thumb Code    24  misc.o(i.SysTick_CLKSourceConfig)
    SysTick_Handler                          0x08003fbd   Thumb Code    20  delay.o(i.SysTick_Handler)
    SystemInit                               0x08003fd1   Thumb Code    74  system_stm32f4xx.o(i.SystemInit)
    TIM2_IRQHandler                          0x08004091   Thumb Code    16  encoder.o(i.TIM2_IRQHandler)
    TIM3_IRQHandler                          0x080040a1   Thumb Code    14  encoder.o(i.TIM3_IRQHandler)
    TIM4_IRQHandler                          0x080040b5   Thumb Code    14  encoder.o(i.TIM4_IRQHandler)
    TIM5_IRQHandler                          0x080040c9   Thumb Code    14  encoder.o(i.TIM5_IRQHandler)
    TIM_ARRPreloadConfig                     0x080040dd   Thumb Code    20  stm32f4xx_tim.o(i.TIM_ARRPreloadConfig)
    TIM_ClearFlag                            0x080040f1   Thumb Code     6  stm32f4xx_tim.o(i.TIM_ClearFlag)
    TIM_Cmd                                  0x080040f7   Thumb Code    20  stm32f4xx_tim.o(i.TIM_Cmd)
    TIM_CtrlPWMOutputs                       0x0800410b   Thumb Code    22  stm32f4xx_tim.o(i.TIM_CtrlPWMOutputs)
    TIM_EncoderInterfaceConfig               0x08004121   Thumb Code    50  stm32f4xx_tim.o(i.TIM_EncoderInterfaceConfig)
    TIM_ICInit                               0x08004153   Thumb Code   172  stm32f4xx_tim.o(i.TIM_ICInit)
    TIM_ICStructInit                         0x080041ff   Thumb Code    16  stm32f4xx_tim.o(i.TIM_ICStructInit)
    TIM_ITConfig                             0x0800420f   Thumb Code    16  stm32f4xx_tim.o(i.TIM_ITConfig)
    TIM_OC1Init                              0x08004221   Thumb Code    88  stm32f4xx_tim.o(i.TIM_OC1Init)
    TIM_OC1PreloadConfig                     0x08004281   Thumb Code    12  stm32f4xx_tim.o(i.TIM_OC1PreloadConfig)
    TIM_OC2Init                              0x0800428d   Thumb Code   120  stm32f4xx_tim.o(i.TIM_OC2Init)
    TIM_OC2PreloadConfig                     0x0800430d   Thumb Code    20  stm32f4xx_tim.o(i.TIM_OC2PreloadConfig)
    TIM_OC3Init                              0x08004321   Thumb Code   116  stm32f4xx_tim.o(i.TIM_OC3Init)
    TIM_OC3PreloadConfig                     0x0800439d   Thumb Code    12  stm32f4xx_tim.o(i.TIM_OC3PreloadConfig)
    TIM_OC4Init                              0x080043a9   Thumb Code    88  stm32f4xx_tim.o(i.TIM_OC4Init)
    TIM_OC4PreloadConfig                     0x08004409   Thumb Code    20  stm32f4xx_tim.o(i.TIM_OC4PreloadConfig)
    TIM_SetCounter                           0x0800441d   Thumb Code     4  stm32f4xx_tim.o(i.TIM_SetCounter)
    TIM_SetIC1Prescaler                      0x08004421   Thumb Code    16  stm32f4xx_tim.o(i.TIM_SetIC1Prescaler)
    TIM_SetIC2Prescaler                      0x08004431   Thumb Code    24  stm32f4xx_tim.o(i.TIM_SetIC2Prescaler)
    TIM_SetIC3Prescaler                      0x08004449   Thumb Code    16  stm32f4xx_tim.o(i.TIM_SetIC3Prescaler)
    TIM_SetIC4Prescaler                      0x08004459   Thumb Code    24  stm32f4xx_tim.o(i.TIM_SetIC4Prescaler)
    TIM_TimeBaseInit                         0x08004471   Thumb Code    96  stm32f4xx_tim.o(i.TIM_TimeBaseInit)
    TIM_TimeBaseStructInit                   0x080044ed   Thumb Code    18  stm32f4xx_tim.o(i.TIM_TimeBaseStructInit)
    Turn_Off                                 0x08004501   Thumb Code    28  balance.o(i.Turn_Off)
    UART5_IRQHandler                         0x08004525   Thumb Code   298  lidar.o(i.UART5_IRQHandler)
    USART1_IRQHandler                        0x0800465d   Thumb Code    26  usartx.o(i.USART1_IRQHandler)
    USART2_IRQHandler                        0x0800467d   Thumb Code   618  usartx.o(i.USART2_IRQHandler)
    USART_ClearITPendingBit                  0x08004955   Thumb Code    12  stm32f4xx_usart.o(i.USART_ClearITPendingBit)
    USART_Cmd                                0x08004961   Thumb Code    20  stm32f4xx_usart.o(i.USART_Cmd)
    USART_DeInit                             0x08004975   Thumb Code   138  stm32f4xx_usart.o(i.USART_DeInit)
    USART_GetITStatus                        0x08004a21   Thumb Code    62  stm32f4xx_usart.o(i.USART_GetITStatus)
    USART_ITConfig                           0x08004a5f   Thumb Code    48  stm32f4xx_usart.o(i.USART_ITConfig)
    USART_Init                               0x08004a91   Thumb Code   164  stm32f4xx_usart.o(i.USART_Init)
    USART_ReceiveData                        0x08004b3d   Thumb Code     8  stm32f4xx_usart.o(i.USART_ReceiveData)
    UsageFault_Handler                       0x08004b45   Thumb Code     2  stm32f4xx_it.o(i.UsageFault_Handler)
    __ARM_fpclassify                         0x08004b47   Thumb Code    48  fpclassify.o(i.__ARM_fpclassify)
    __hardfp_pow                             0x08004b79   Thumb Code  3044  pow.o(i.__hardfp_pow)
    __hardfp_sqrt                            0x080057b1   Thumb Code   122  sqrt.o(i.__hardfp_sqrt)
    __hardfp_tan                             0x08005831   Thumb Code   108  tan.o(i.__hardfp_tan)
    __ieee754_rem_pio2                       0x080058b1   Thumb Code   938  rred.o(i.__ieee754_rem_pio2)
    __kernel_poly                            0x08005ce9   Thumb Code   248  poly.o(i.__kernel_poly)
    __kernel_tan                             0x08005de1   Thumb Code   764  tan_i.o(i.__kernel_tan)
    __mathlib_dbl_divzero                    0x08006131   Thumb Code    28  dunder.o(i.__mathlib_dbl_divzero)
    __mathlib_dbl_infnan                     0x08006161   Thumb Code    20  dunder.o(i.__mathlib_dbl_infnan)
    __mathlib_dbl_infnan2                    0x08006175   Thumb Code    20  dunder.o(i.__mathlib_dbl_infnan2)
    __mathlib_dbl_invalid                    0x08006189   Thumb Code    24  dunder.o(i.__mathlib_dbl_invalid)
    __mathlib_dbl_overflow                   0x080061a9   Thumb Code    24  dunder.o(i.__mathlib_dbl_overflow)
    __mathlib_dbl_underflow                  0x080061c9   Thumb Code    24  dunder.o(i.__mathlib_dbl_underflow)
    _sys_exit                                0x080061e9   Thumb Code     2  usart.o(i._sys_exit)
    adc_task                                 0x080061ed   Thumb Code   100  adc.o(i.adc_task)
    ccd_Init                                 0x08006259   Thumb Code   176  adc.o(i.ccd_Init)
    click_N_Double                           0x08006315   Thumb Code   134  key.o(i.click_N_Double)
    data_process                             0x080063a5   Thumb Code   498  lidar.o(i.data_process)
    delay_init                               0x080065bd   Thumb Code    50  delay.o(i.delay_init)
    delay_ms                                 0x080065f5   Thumb Code    52  delay.o(i.delay_ms)
    delay_us                                 0x0800662d   Thumb Code    48  delay.o(i.delay_us)
    ele_Init                                 0x08006661   Thumb Code   128  adc.o(i.ele_Init)
    fabs                                     0x080066ed   Thumb Code    24  fabs.o(i.fabs)
    float_abs                                0x08006705   Thumb Code    16  balance.o(i.float_abs)
    fputc                                    0x08006715   Thumb Code    18  usart.o(i.fputc)
    getSysTickCnt                            0x0800672d   Thumb Code    24  delay.o(i.getSysTickCnt)
    led_task                                 0x08006749   Thumb Code    22  led.o(i.led_task)
    main                                     0x08006769   Thumb Code    34  main.o(i.main)
    myabs                                    0x080067a1   Thumb Code     8  balance.o(i.myabs)
    oled_pow                                 0x080067a9   Thumb Code    16  oled.o(i.oled_pow)
    oled_show                                0x080067b9   Thumb Code  2766  show.o(i.oled_show)
    pstwo_task                               0x08007b35   Thumb Code    22  pstwo.o(i.pstwo_task)
    pvPortMalloc                             0x08007b4d   Thumb Code   214  heap_4.o(i.pvPortMalloc)
    pvTaskIncrementMutexHeldCount            0x08007c61   Thumb Code    18  tasks.o(i.pvTaskIncrementMutexHeldCount)
    pxPortInitialiseStack                    0x08007c79   Thumb Code    40  port.o(i.pxPortInitialiseStack)
    show_task                                0x08007ca5   Thumb Code   258  show.o(i.show_task)
    sqrt                                     0x08007dcd   Thumb Code   110  sqrt.o(i.sqrt)
    start_task                               0x08007e3d   Thumb Code   114  main.o(i.start_task)
    systemInit                               0x08007f09   Thumb Code   138  system.o(i.systemInit)
    target_limit_float                       0x08007f93   Thumb Code    32  balance.o(i.target_limit_float)
    target_limit_int                         0x08007fb3   Thumb Code    16  balance.o(i.target_limit_int)
    uart1_init                               0x08007fc5   Thumb Code   164  usartx.o(i.uart1_init)
    uart2_init                               0x08008071   Thumb Code   160  usartx.o(i.uart2_init)
    uxListRemove                             0x08008119   Thumb Code    36  list.o(i.uxListRemove)
    vListInitialise                          0x0800813d   Thumb Code    22  list.o(i.vListInitialise)
    vListInitialiseItem                      0x08008153   Thumb Code     6  list.o(i.vListInitialiseItem)
    vListInsert                              0x08008159   Thumb Code    48  list.o(i.vListInsert)
    vListInsertEnd                           0x08008189   Thumb Code    24  list.o(i.vListInsertEnd)
    vPortEnterCritical                       0x080081a1   Thumb Code    50  port.o(i.vPortEnterCritical)
    vPortExitCritical                        0x08008219   Thumb Code    34  port.o(i.vPortExitCritical)
    vPortFree                                0x0800827d   Thumb Code    94  heap_4.o(i.vPortFree)
    vPortSetupTimerInterrupt                 0x08008319   Thumb Code    26  port.o(i.vPortSetupTimerInterrupt)
    vPortValidateInterruptPriority           0x08008339   Thumb Code    70  port.o(i.vPortValidateInterruptPriority)
    vQueueAddToRegistry                      0x080083c5   Thumb Code    32  queue.o(i.vQueueAddToRegistry)
    vQueueWaitForMessageRestricted           0x080083e9   Thumb Code    68  queue.o(i.vQueueWaitForMessageRestricted)
    vTaskDelay                               0x0800842d   Thumb Code    62  tasks.o(i.vTaskDelay)
    vTaskDelayUntil                          0x08008499   Thumb Code   128  tasks.o(i.vTaskDelayUntil)
    vTaskDelete                              0x08008545   Thumb Code   152  tasks.o(i.vTaskDelete)
    vTaskMissedYield                         0x08008611   Thumb Code     8  tasks.o(i.vTaskMissedYield)
    vTaskPlaceOnEventList                    0x0800861d   Thumb Code    44  tasks.o(i.vTaskPlaceOnEventList)
    vTaskPlaceOnEventListRestricted          0x08008671   Thumb Code    52  tasks.o(i.vTaskPlaceOnEventListRestricted)
    vTaskPriorityInherit                     0x080086cd   Thumb Code   124  tasks.o(i.vTaskPriorityInherit)
    vTaskSetTimeOutState                     0x08008751   Thumb Code    30  tasks.o(i.vTaskSetTimeOutState)
    vTaskStartScheduler                      0x08008799   Thumb Code    96  tasks.o(i.vTaskStartScheduler)
    vTaskSuspendAll                          0x0800882d   Thumb Code    10  tasks.o(i.vTaskSuspendAll)
    vTaskSwitchContext                       0x0800883d   Thumb Code    80  tasks.o(i.vTaskSwitchContext)
    xPortStartScheduler                      0x080088b9   Thumb Code   196  port.o(i.xPortStartScheduler)
    xPortSysTickHandler                      0x080089cd   Thumb Code    38  port.o(i.xPortSysTickHandler)
    xQueueGenericCreate                      0x080089f9   Thumb Code    82  queue.o(i.xQueueGenericCreate)
    xQueueGenericReceive                     0x08008a71   Thumb Code   348  queue.o(i.xQueueGenericReceive)
    xQueueGenericReset                       0x08008bf5   Thumb Code   128  queue.o(i.xQueueGenericReset)
    xQueueGenericSend                        0x08008c9d   Thumb Code   350  queue.o(i.xQueueGenericSend)
    xQueueGenericSendFromISR                 0x08008e25   Thumb Code   188  queue.o(i.xQueueGenericSendFromISR)
    xTaskCheckForTimeOut                     0x08008f05   Thumb Code    94  tasks.o(i.xTaskCheckForTimeOut)
    xTaskCreate                              0x08008f8d   Thumb Code    86  tasks.o(i.xTaskCreate)
    xTaskGetSchedulerState                   0x08008fe5   Thumb Code    22  tasks.o(i.xTaskGetSchedulerState)
    xTaskGetTickCount                        0x08009001   Thumb Code     6  tasks.o(i.xTaskGetTickCount)
    xTaskIncrementTick                       0x0800900d   Thumb Code   188  tasks.o(i.xTaskIncrementTick)
    xTaskPriorityDisinherit                  0x080090f5   Thumb Code   136  tasks.o(i.xTaskPriorityDisinherit)
    xTaskRemoveFromEventList                 0x080091a9   Thumb Code   102  tasks.o(i.xTaskRemoveFromEventList)
    xTaskResumeAll                           0x08009241   Thumb Code   180  tasks.o(i.xTaskResumeAll)
    xTimerCreate                             0x08009325   Thumb Code    74  timers.o(i.xTimerCreate)
    xTimerCreateTimerTask                    0x08009399   Thumb Code    58  timers.o(i.xTimerCreateTimerTask)
    xTimerGenericCommand                     0x0800940d   Thumb Code    98  timers.o(i.xTimerGenericCommand)
    __aeabi_dneg                             0x0800949d   Thumb Code     0  basic.o(x$fpl$basic)
    _dneg                                    0x0800949d   Thumb Code     6  basic.o(x$fpl$basic)
    __aeabi_fneg                             0x080094a3   Thumb Code     0  basic.o(x$fpl$basic)
    _fneg                                    0x080094a3   Thumb Code     6  basic.o(x$fpl$basic)
    _dabs                                    0x080094a9   Thumb Code     6  basic.o(x$fpl$basic)
    _fabs                                    0x080094af   Thumb Code     6  basic.o(x$fpl$basic)
    __aeabi_d2f                              0x080094b5   Thumb Code     0  d2f.o(x$fpl$d2f)
    _d2f                                     0x080094b5   Thumb Code    98  d2f.o(x$fpl$d2f)
    __aeabi_dadd                             0x08009519   Thumb Code     0  daddsub_clz.o(x$fpl$dadd)
    _dadd                                    0x08009519   Thumb Code   332  daddsub_clz.o(x$fpl$dadd)
    __fpl_dcheck_NaN1                        0x08009669   Thumb Code    10  dcheck1.o(x$fpl$dcheck1)
    __fpl_dcmp_Inf                           0x08009679   Thumb Code    24  dcmpi.o(x$fpl$dcmpinf)
    __aeabi_ddiv                             0x08009691   Thumb Code     0  ddiv.o(x$fpl$ddiv)
    _ddiv                                    0x08009691   Thumb Code   552  ddiv.o(x$fpl$ddiv)
    __aeabi_d2iz                             0x08009941   Thumb Code     0  dfix.o(x$fpl$dfix)
    _dfix                                    0x08009941   Thumb Code    94  dfix.o(x$fpl$dfix)
    __aeabi_i2d                              0x0800999f   Thumb Code     0  dflt_clz.o(x$fpl$dflt)
    _dflt                                    0x0800999f   Thumb Code    46  dflt_clz.o(x$fpl$dflt)
    __aeabi_ui2d                             0x080099cd   Thumb Code     0  dflt_clz.o(x$fpl$dfltu)
    _dfltu                                   0x080099cd   Thumb Code    38  dflt_clz.o(x$fpl$dfltu)
    __aeabi_cdcmple                          0x080099f5   Thumb Code     0  dleqf.o(x$fpl$dleqf)
    _dcmple                                  0x080099f5   Thumb Code   120  dleqf.o(x$fpl$dleqf)
    __fpl_dcmple_InfNaN                      0x08009a57   Thumb Code     0  dleqf.o(x$fpl$dleqf)
    __aeabi_dmul                             0x08009a6d   Thumb Code     0  dmul.o(x$fpl$dmul)
    _dmul                                    0x08009a6d   Thumb Code   332  dmul.o(x$fpl$dmul)
    __fpl_dnaninf                            0x08009bc1   Thumb Code   156  dnaninf.o(x$fpl$dnaninf)
    __fpl_dretinf                            0x08009c5d   Thumb Code    12  dretinf.o(x$fpl$dretinf)
    __aeabi_cdrcmple                         0x08009c69   Thumb Code     0  drleqf.o(x$fpl$drleqf)
    _drcmple                                 0x08009c69   Thumb Code   108  drleqf.o(x$fpl$drleqf)
    __aeabi_drsub                            0x08009cd5   Thumb Code     0  daddsub_clz.o(x$fpl$drsb)
    _drsb                                    0x08009cd5   Thumb Code    22  daddsub_clz.o(x$fpl$drsb)
    _dsqrt                                   0x08009ced   Thumb Code   404  dsqrt_umaal.o(x$fpl$dsqrt)
    __aeabi_dsub                             0x08009e85   Thumb Code     0  daddsub_clz.o(x$fpl$dsub)
    _dsub                                    0x08009e85   Thumb Code   464  daddsub_clz.o(x$fpl$dsub)
    __aeabi_f2d                              0x0800a059   Thumb Code     0  f2d.o(x$fpl$f2d)
    _f2d                                     0x0800a059   Thumb Code    86  f2d.o(x$fpl$f2d)
    __fpl_fnaninf                            0x0800a0af   Thumb Code   140  fnaninf.o(x$fpl$fnaninf)
    _fp_init                                 0x0800a13b   Thumb Code    10  fpinit.o(x$fpl$fpinit)
    __fplib_config_fpu_vfp                   0x0800a143   Thumb Code     0  fpinit.o(x$fpl$fpinit)
    __fplib_config_pureend_doubles           0x0800a143   Thumb Code     0  fpinit.o(x$fpl$fpinit)
    __fpl_fretinf                            0x0800a145   Thumb Code    10  fretinf.o(x$fpl$fretinf)
    __fpl_return_NaN                         0x0800a14f   Thumb Code   100  retnan.o(x$fpl$retnan)
    __ARM_scalbn                             0x0800a1b3   Thumb Code    92  scalbn.o(x$fpl$scalbn)
    __fpl_cmpreturn                          0x0800a20f   Thumb Code    48  trapv.o(x$fpl$trapveneer)
    __I$use$fp                               0x0800a23e   Number         0  usenofp.o(x$fpl$usenofp)
    oled_asc2_1206                           0x0800a23e   Data        1140  oled.o(.constdata)
    oled_asc2_1608                           0x0800a6b2   Data        1520  oled.o(.constdata)
    Hzk16                                    0x0800aca2   Data        2624  oled.o(.constdata)
    __mathlib_zero                           0x0800b770   Data           8  qnan.o(.constdata)
    Region$$Table$$Base                      0x0800b8a0   Number         0  anon$$obj.o(Region$$Table)
    Region$$Table$$Limit                     0x0800b8c0   Number         0  anon$$obj.o(Region$$Table)
    StartTask_Handler                        0x20000000   Data           4  main.o(.data)
    SystemCoreClock                          0x20000004   Data           4  system_stm32f4xx.o(.data)
    AHBPrescTable                            0x20000008   Data          16  system_stm32f4xx.o(.data)
    CCD_Median                               0x20000026   Data           2  adc.o(.data)
    CCD_Threshold                            0x20000028   Data           2  adc.o(.data)
    Sensor_Left                              0x2000002c   Data           4  adc.o(.data)
    Sensor_Middle                            0x20000030   Data           4  adc.o(.data)
    Sensor_Right                             0x20000034   Data           4  adc.o(.data)
    Sensor                                   0x20000038   Data           4  adc.o(.data)
    sum                                      0x2000003c   Data           4  adc.o(.data)
    Voltage                                  0x20000040   Data           4  adc.o(.data)
    Voltage_All                              0x20000044   Data           4  adc.o(.data)
    Led_Count                                0x2000005c   Data           4  led.o(.data)
    Diff_Along_Distance_KP                   0x20000074   Data           4  lidar.o(.data)
    Diff_Along_Distance_KD                   0x20000078   Data           4  lidar.o(.data)
    Diff_Along_Distance_KI                   0x2000007c   Data           4  lidar.o(.data)
    Akm_Along_Distance_KP                    0x20000080   Data           4  lidar.o(.data)
    Akm_Along_Distance_KD                    0x20000084   Data           4  lidar.o(.data)
    Akm_Along_Distance_KI                    0x20000088   Data           4  lidar.o(.data)
    FourWheel_Along_Distance_KP              0x2000008c   Data           4  lidar.o(.data)
    FourWheel_Along_Distance_KD              0x20000090   Data           4  lidar.o(.data)
    FourWheel_Along_Distance_KI              0x20000094   Data           4  lidar.o(.data)
    Along_Distance_KP                        0x20000098   Data           4  lidar.o(.data)
    Along_Distance_KD                        0x2000009c   Data           4  lidar.o(.data)
    Along_Distance_KI                        0x200000a0   Data           4  lidar.o(.data)
    Distance_KP                              0x200000a4   Data           4  lidar.o(.data)
    Distance_KD                              0x200000a8   Data           4  lidar.o(.data)
    Distance_KI                              0x200000ac   Data           4  lidar.o(.data)
    Follow_KP                                0x200000b0   Data           4  lidar.o(.data)
    Follow_KD                                0x200000b4   Data           4  lidar.o(.data)
    Follow_KI                                0x200000b8   Data           4  lidar.o(.data)
    Follow_KP_Akm                            0x200000bc   Data           4  lidar.o(.data)
    Follow_KD_Akm                            0x200000c0   Data           4  lidar.o(.data)
    Follow_KI_Akm                            0x200000c4   Data           4  lidar.o(.data)
    Comd                                     0x200000f8   Data           2  pstwo.o(.data)
    Handkey                                  0x200000fa   Data           2  pstwo.o(.data)
    Strat                                    0x200000fc   Data           4  pstwo.o(.data)
    MASK                                     0x20000100   Data          32  pstwo.o(.data)
    __stdout                                 0x20000128   Data           4  usart.o(.data)
    pxCurrentTCB                             0x2000013c   Data           4  tasks.o(.data)
    Flag_Stop                                0x200001b0   Data           1  system.o(.data)
    Car_Mode                                 0x200001b1   Data           1  system.o(.data)
    RC_Velocity                              0x200001b4   Data           4  system.o(.data)
    Tank_Car_CCD_KP                          0x200001b8   Data           4  system.o(.data)
    Tank_Car_CCD_KI                          0x200001bc   Data           4  system.o(.data)
    Tank_Car_ELE_KP                          0x200001c0   Data           4  system.o(.data)
    Tank_Car_ELE_KI                          0x200001c4   Data           4  system.o(.data)
    Omni_Car_CCD_KP                          0x200001c8   Data           4  system.o(.data)
    Omni_Car_CCD_KI                          0x200001cc   Data           4  system.o(.data)
    Omni_Car_ELE_KP                          0x200001d0   Data           4  system.o(.data)
    Omni_Car_ELE_KI                          0x200001d4   Data           4  system.o(.data)
    CCD_KP                                   0x200001d8   Data           4  system.o(.data)
    CCD_KI                                   0x200001dc   Data           4  system.o(.data)
    ELE_KP                                   0x200001e0   Data           4  system.o(.data)
    ELE_KI                                   0x200001e4   Data           4  system.o(.data)
    Velocity_KP                              0x200001e8   Data           4  system.o(.data)
    Velocity_KI                              0x200001ec   Data           4  system.o(.data)
    APP_ON_Flag                              0x200001f0   Data           1  system.o(.data)
    PS2_ON_Flag                              0x200001f1   Data           1  system.o(.data)
    Flag_Direction                           0x200001f2   Data           1  system.o(.data)
    Divisor_Mode                             0x200001f4   Data           4  system.o(.data)
    Servo                                    0x200001f8   Data           4  system.o(.data)
    PS2_LX                                   0x200001fc   Data           4  system.o(.data)
    PS2_LY                                   0x20000200   Data           4  system.o(.data)
    PS2_RX                                   0x20000204   Data           4  system.o(.data)
    PS2_RY                                   0x20000208   Data           4  system.o(.data)
    PS2_KEY                                  0x2000020c   Data           4  system.o(.data)
    Move_X                                   0x20000210   Data           4  system.o(.data)
    Move_Y                                   0x20000214   Data           4  system.o(.data)
    Move_Z                                   0x20000218   Data           4  system.o(.data)
    Encoder_precision                        0x2000021c   Data           4  system.o(.data)
    Wheel_perimeter                          0x20000220   Data           4  system.o(.data)
    Wheel_spacing                            0x20000224   Data           4  system.o(.data)
    Axle_spacing                             0x20000228   Data           4  system.o(.data)
    Omni_turn_radiaus                        0x2000022c   Data           4  system.o(.data)
    Flag_Left                                0x20000230   Data           1  system.o(.data)
    Flag_Right                               0x20000231   Data           1  system.o(.data)
    Turn_Flag                                0x20000232   Data           1  system.o(.data)
    PID_Send                                 0x20000233   Data           1  system.o(.data)
    Lidar_Detect                             0x20000234   Data           1  balance.o(.data)
    Mode                                     0x20000238   Data           1  balance.o(.data)
    Time_count                               0x2000023c   Data           4  balance.o(.data)
    RC_Velocity_CCD                          0x20000240   Data           4  balance.o(.data)
    RC_Velocity_ELE                          0x20000244   Data           4  balance.o(.data)
    PS2_Velocity                             0x200002a4   Data           4  balance.o(.data)
    PS2_Turn_Velocity                        0x200002a8   Data           4  balance.o(.data)
    Buzzer_count                             0x200002b0   Data           4  show.o(.data)
    Voltage_Show                             0x200002c0   Data           4  show.o(.data)
    ADV                                      0x200002c4   Data         256  adc.o(.bss)
    OLED_GRAM                                0x200003c4   Data        1024  oled.o(.bss)
    PointDataProcess                         0x200007f8   Data        1800  lidar.o(.bss)
    Pack_Data                                0x20000f00   Data          58  lidar.o(.bss)
    Dataprocess                              0x20000f3c   Data        1800  lidar.o(.bss)
    Data                                     0x20001644   Data           9  pstwo.o(.bss)
    xQueueRegistry                           0x20001650   Data          64  queue.o(.bss)
    smooth_control                           0x2000699c   Data          12  system.o(.bss)
    MOTOR_A                                  0x200069a8   Data          20  system.o(.bss)
    MOTOR_B                                  0x200069bc   Data          20  system.o(.bss)
    MOTOR_C                                  0x200069d0   Data          20  system.o(.bss)
    MOTOR_D                                  0x200069e4   Data          20  system.o(.bss)
    OriginalEncoder                          0x200069f8   Data          16  balance.o(.bss)
    Robot_Parament                           0x20006a08   Data          24  robot_select_init.o(.bss)
    __libspace_start                         0x20006a20   Data          96  libspace.o(.bss)
    __temporary_stack_top$libspace           0x20006a80   Data           0  libspace.o(.bss)



==============================================================================

Memory Map of the image

  Image Entry point : 0x08000189

  Load Region LR_IROM1 (Base: 0x08000000, Size: 0x0000bb84, Max: 0x00080000, ABSOLUTE, COMPRESSED[0x0000b98c])

    Execution Region ER_IROM1 (Base: 0x08000000, Size: 0x0000b8c0, Max: 0x00080000, ABSOLUTE)

    Base Addr    Size         Type   Attr      Idx    E Section Name        Object

    0x08000000   0x00000188   Data   RO         1162    RESET               startup_stm32f40_41xxx.o
    0x08000188   0x00000008   Code   RO         4371  * !!!main             c_w.l(__main.o)
    0x08000190   0x00000034   Code   RO         4694    !!!scatter          c_w.l(__scatter.o)
    0x080001c4   0x0000005a   Code   RO         4692    !!dczerorl2         c_w.l(__dczerorl2.o)
    0x0800021e   0x00000002   PAD
    0x08000220   0x0000001c   Code   RO         4696    !!handler_zi        c_w.l(__scatter_zi.o)
    0x0800023c   0x00000000   Code   RO         4356    .ARM.Collect$$_printf_percent$$00000000  c_w.l(_printf_percent.o)
    0x0800023c   0x00000006   Code   RO         4354    .ARM.Collect$$_printf_percent$$00000009  c_w.l(_printf_d.o)
    0x08000242   0x00000006   Code   RO         4353    .ARM.Collect$$_printf_percent$$00000014  c_w.l(_printf_s.o)
    0x08000248   0x00000004   Code   RO         4462    .ARM.Collect$$_printf_percent$$00000017  c_w.l(_printf_percent_end.o)
    0x0800024c   0x00000002   Code   RO         4566    .ARM.Collect$$libinit$$00000000  c_w.l(libinit.o)
    0x0800024e   0x00000004   Code   RO         4571    .ARM.Collect$$libinit$$00000001  c_w.l(libinit2.o)
    0x08000252   0x00000000   Code   RO         4574    .ARM.Collect$$libinit$$00000004  c_w.l(libinit2.o)
    0x08000252   0x00000000   Code   RO         4577    .ARM.Collect$$libinit$$0000000A  c_w.l(libinit2.o)
    0x08000252   0x00000000   Code   RO         4579    .ARM.Collect$$libinit$$0000000C  c_w.l(libinit2.o)
    0x08000252   0x00000000   Code   RO         4581    .ARM.Collect$$libinit$$0000000E  c_w.l(libinit2.o)
    0x08000252   0x00000000   Code   RO         4584    .ARM.Collect$$libinit$$00000011  c_w.l(libinit2.o)
    0x08000252   0x00000000   Code   RO         4586    .ARM.Collect$$libinit$$00000013  c_w.l(libinit2.o)
    0x08000252   0x00000000   Code   RO         4588    .ARM.Collect$$libinit$$00000015  c_w.l(libinit2.o)
    0x08000252   0x00000000   Code   RO         4590    .ARM.Collect$$libinit$$00000017  c_w.l(libinit2.o)
    0x08000252   0x00000000   Code   RO         4592    .ARM.Collect$$libinit$$00000019  c_w.l(libinit2.o)
    0x08000252   0x00000000   Code   RO         4594    .ARM.Collect$$libinit$$0000001B  c_w.l(libinit2.o)
    0x08000252   0x00000000   Code   RO         4596    .ARM.Collect$$libinit$$0000001D  c_w.l(libinit2.o)
    0x08000252   0x00000000   Code   RO         4598    .ARM.Collect$$libinit$$0000001F  c_w.l(libinit2.o)
    0x08000252   0x00000000   Code   RO         4600    .ARM.Collect$$libinit$$00000021  c_w.l(libinit2.o)
    0x08000252   0x00000000   Code   RO         4602    .ARM.Collect$$libinit$$00000023  c_w.l(libinit2.o)
    0x08000252   0x00000000   Code   RO         4604    .ARM.Collect$$libinit$$00000025  c_w.l(libinit2.o)
    0x08000252   0x00000000   Code   RO         4608    .ARM.Collect$$libinit$$0000002C  c_w.l(libinit2.o)
    0x08000252   0x00000000   Code   RO         4610    .ARM.Collect$$libinit$$0000002E  c_w.l(libinit2.o)
    0x08000252   0x00000000   Code   RO         4612    .ARM.Collect$$libinit$$00000030  c_w.l(libinit2.o)
    0x08000252   0x00000000   Code   RO         4614    .ARM.Collect$$libinit$$00000032  c_w.l(libinit2.o)
    0x08000252   0x00000002   Code   RO         4615    .ARM.Collect$$libinit$$00000033  c_w.l(libinit2.o)
    0x08000254   0x00000002   Code   RO         4635    .ARM.Collect$$libshutdown$$00000000  c_w.l(libshutdown.o)
    0x08000256   0x00000000   Code   RO         4646    .ARM.Collect$$libshutdown$$00000003  c_w.l(libshutdown2.o)
    0x08000256   0x00000000   Code   RO         4649    .ARM.Collect$$libshutdown$$00000006  c_w.l(libshutdown2.o)
    0x08000256   0x00000000   Code   RO         4652    .ARM.Collect$$libshutdown$$00000009  c_w.l(libshutdown2.o)
    0x08000256   0x00000000   Code   RO         4654    .ARM.Collect$$libshutdown$$0000000B  c_w.l(libshutdown2.o)
    0x08000256   0x00000000   Code   RO         4657    .ARM.Collect$$libshutdown$$0000000E  c_w.l(libshutdown2.o)
    0x08000256   0x00000002   Code   RO         4658    .ARM.Collect$$libshutdown$$0000000F  c_w.l(libshutdown2.o)
    0x08000258   0x00000000   Code   RO         4449    .ARM.Collect$$rtentry$$00000000  c_w.l(__rtentry.o)
    0x08000258   0x00000000   Code   RO         4521    .ARM.Collect$$rtentry$$00000002  c_w.l(__rtentry2.o)
    0x08000258   0x00000006   Code   RO         4533    .ARM.Collect$$rtentry$$00000004  c_w.l(__rtentry4.o)
    0x0800025e   0x00000000   Code   RO         4523    .ARM.Collect$$rtentry$$00000009  c_w.l(__rtentry2.o)
    0x0800025e   0x00000004   Code   RO         4524    .ARM.Collect$$rtentry$$0000000A  c_w.l(__rtentry2.o)
    0x08000262   0x00000000   Code   RO         4526    .ARM.Collect$$rtentry$$0000000C  c_w.l(__rtentry2.o)
    0x08000262   0x00000008   Code   RO         4527    .ARM.Collect$$rtentry$$0000000D  c_w.l(__rtentry2.o)
    0x0800026a   0x00000002   Code   RO         4569    .ARM.Collect$$rtexit$$00000000  c_w.l(rtexit.o)
    0x0800026c   0x00000000   Code   RO         4619    .ARM.Collect$$rtexit$$00000002  c_w.l(rtexit2.o)
    0x0800026c   0x00000004   Code   RO         4620    .ARM.Collect$$rtexit$$00000003  c_w.l(rtexit2.o)
    0x08000270   0x00000006   Code   RO         4621    .ARM.Collect$$rtexit$$00000004  c_w.l(rtexit2.o)
    0x08000276   0x00000002   PAD
    0x08000278   0x000000b6   Code   RO         3864    .emb_text           port.o
    0x0800032e   0x00000002   PAD
    0x08000330   0x00000040   Code   RO         1163    .text               startup_stm32f40_41xxx.o
    0x08000370   0x00000002   Code   RO         4316    .text               c_w.l(use_no_semi_2.o)
    0x08000372   0x00000002   PAD
    0x08000374   0x00000018   Code   RO         4322    .text               c_w.l(noretval__2printf.o)
    0x0800038c   0x00000068   Code   RO         4326    .text               c_w.l(__printf.o)
    0x080003f4   0x00000052   Code   RO         4328    .text               c_w.l(_printf_str.o)
    0x08000446   0x00000002   PAD
    0x08000448   0x00000078   Code   RO         4330    .text               c_w.l(_printf_dec.o)
    0x080004c0   0x0000008a   Code   RO         4361    .text               c_w.l(rt_memcpy_v6.o)
    0x0800054a   0x00000010   Code   RO         4363    .text               c_w.l(aeabi_memset.o)
    0x0800055a   0x00000044   Code   RO         4365    .text               c_w.l(rt_memclr.o)
    0x0800059e   0x0000004e   Code   RO         4367    .text               c_w.l(rt_memclr_w.o)
    0x080005ec   0x00000006   Code   RO         4369    .text               c_w.l(heapauxi.o)
    0x080005f2   0x00000002   Code   RO         4447    .text               c_w.l(use_no_semi.o)
    0x080005f4   0x00000016   Code   RO         4450    .text               c_w.l(_rserrno.o)
    0x0800060a   0x000000b2   Code   RO         4452    .text               c_w.l(_printf_intcommon.o)
    0x080006bc   0x00000030   Code   RO         4454    .text               c_w.l(_printf_char_common.o)
    0x080006ec   0x0000002c   Code   RO         4458    .text               c_w.l(_printf_char.o)
    0x08000718   0x00000024   Code   RO         4460    .text               c_w.l(_printf_char_file.o)
    0x0800073c   0x00000064   Code   RO         4463    .text               c_w.l(rt_memcpy_w.o)
    0x080007a0   0x00000008   Code   RO         4538    .text               c_w.l(rt_errno_addr_intlibspace.o)
    0x080007a8   0x00000008   Code   RO         4542    .text               c_w.l(ferror.o)
    0x080007b0   0x00000008   Code   RO         4554    .text               c_w.l(libspace.o)
    0x080007b8   0x0000004a   Code   RO         4557    .text               c_w.l(sys_stackheap_outer.o)
    0x08000802   0x0000000c   Code   RO         4559    .text               c_w.l(exit.o)
    0x0800080e   0x00000014   Code   RO         1895    i.ADC_Cmd           stm32f4xx_adc.o
    0x08000822   0x00000002   PAD
    0x08000824   0x0000002c   Code   RO         1896    i.ADC_CommonInit    stm32f4xx_adc.o
    0x08000850   0x00000018   Code   RO         1901    i.ADC_DeInit        stm32f4xx_adc.o
    0x08000868   0x00000006   Code   RO         1907    i.ADC_GetConversionValue  stm32f4xx_adc.o
    0x0800086e   0x0000000e   Code   RO         1908    i.ADC_GetFlagStatus  stm32f4xx_adc.o
    0x0800087c   0x0000004c   Code   RO         1915    i.ADC_Init          stm32f4xx_adc.o
    0x080008c8   0x00000074   Code   RO         1920    i.ADC_RegularChannelConfig  stm32f4xx_adc.o
    0x0800093c   0x0000000a   Code   RO         1922    i.ADC_SoftwareStartConv  stm32f4xx_adc.o
    0x08000946   0x00000002   PAD
    0x08000948   0x00000300   Code   RO         4266    i.APP_Show          show.o
    0x08000c48   0x0000009c   Code   RO          369    i.Adc_Init          adc.o
    0x08000ce4   0x00000188   Code   RO          861    i.Along_Adjust_PID  lidar.o
    0x08000e6c   0x00000258   Code   RO         4080    i.Balance_task      balance.o
    0x080010c4   0x00000002   Code   RO          253    i.BusFault_Handler  stm32f4xx_it.o
    0x080010c6   0x00000002   PAD
    0x080010c8   0x00000020   Code   RO          579    i.Buzzer_Alarm      led.o
    0x080010e8   0x00000040   Code   RO          580    i.Buzzer_Init       led.o
    0x08001128   0x00000002   Code   RO          254    i.DebugMon_Handler  stm32f4xx_it.o
    0x0800112a   0x00000002   PAD
    0x0800112c   0x00000054   Code   RO         4081    i.Detect_Barrier    balance.o
    0x08001180   0x000000c4   Code   RO          862    i.Distance_Adjust_PID  lidar.o
    0x08001244   0x0000000a   Code   RO          370    i.Dly_us            adc.o
    0x0800124e   0x00000002   PAD
    0x08001250   0x00000440   Code   RO         4082    i.Drive_Motor       balance.o
    0x08001690   0x00000030   Code   RO          629    i.Enable_Pin        motor.o
    0x080016c0   0x000000dc   Code   RO          454    i.Encoder_Init_TIM2  encoder.o
    0x0800179c   0x000000bc   Code   RO          455    i.Encoder_Init_TIM3  encoder.o
    0x08001858   0x000000bc   Code   RO          456    i.Encoder_Init_TIM4  encoder.o
    0x08001914   0x000000bc   Code   RO          457    i.Encoder_Init_TIM5  encoder.o
    0x080019d0   0x000000f8   Code   RO          371    i.Find_CCD_Median   adc.o
    0x08001ac8   0x000000fc   Code   RO          863    i.Follow_Turn_PID   lidar.o
    0x08001bc4   0x00000078   Code   RO         1214    i.GPIO_Init         stm32f4xx_gpio.o
    0x08001c3c   0x00000020   Code   RO         1215    i.GPIO_PinAFConfig  stm32f4xx_gpio.o
    0x08001c5c   0x00000004   Code   RO         1221    i.GPIO_ResetBits    stm32f4xx_gpio.o
    0x08001c60   0x00000004   Code   RO         1222    i.GPIO_SetBits      stm32f4xx_gpio.o
    0x08001c64   0x00000030   Code   RO          372    i.Get_Adc           adc.o
    0x08001c94   0x000001c8   Code   RO         4083    i.Get_RC            balance.o
    0x08001e5c   0x00000188   Code   RO         4084    i.Get_RC_CCD        balance.o
    0x08001fe4   0x00000204   Code   RO         4085    i.Get_RC_ELE        balance.o
    0x080021e8   0x00000124   Code   RO         4086    i.Get_Velocity_Form_Encoder  balance.o
    0x0800230c   0x0000002e   Code   RO          373    i.Get_adc_Average   adc.o
    0x0800233a   0x00000002   PAD
    0x0800233c   0x00000068   Code   RO          374    i.Get_battery_volt  adc.o
    0x080023a4   0x00000002   Code   RO          255    i.HardFault_Handler  stm32f4xx_it.o
    0x080023a6   0x00000002   PAD
    0x080023a8   0x0000007c   Code   RO         4087    i.Incremental_PI_A  balance.o
    0x08002424   0x0000007c   Code   RO         4088    i.Incremental_PI_B  balance.o
    0x080024a0   0x0000007c   Code   RO         4089    i.Incremental_PI_C  balance.o
    0x0800251c   0x0000007c   Code   RO         4090    i.Incremental_PI_D  balance.o
    0x08002598   0x0000002c   Code   RO          523    i.KEY_Init          key.o
    0x080025c4   0x00000040   Code   RO          581    i.LED_Init          led.o
    0x08002604   0x000000dc   Code   RO          864    i.LIDAR_USART_Init  lidar.o
    0x080026e0   0x00000134   Code   RO         4091    i.Lidar_Avoid       balance.o
    0x08002814   0x000001c8   Code   RO         4092    i.Lidar_Follow      balance.o
    0x080029dc   0x000000f4   Code   RO         4093    i.Lidar_along_wall  balance.o
    0x08002ad0   0x00000090   Code   RO         4094    i.Limit_Pwm         balance.o
    0x08002b60   0x00000002   Code   RO          256    i.MemManage_Handler  stm32f4xx_it.o
    0x08002b62   0x00000002   PAD
    0x08002b64   0x000000a0   Code   RO          630    i.MiniBalance_PWM11_Init  motor.o
    0x08002c04   0x000000f8   Code   RO          631    i.MiniBalance_PWM1_Init  motor.o
    0x08002cfc   0x000000b8   Code   RO          632    i.MiniBalance_PWM9_Init  motor.o
    0x08002db4   0x000000a0   Code   RO          633    i.MiniBalance_PWM_Init  motor.o
    0x08002e54   0x00000002   Code   RO          257    i.NMI_Handler       stm32f4xx_it.o
    0x08002e56   0x00000002   PAD
    0x08002e58   0x00000064   Code   RO         1169    i.NVIC_Init         misc.o
    0x08002ebc   0x00000014   Code   RO         1170    i.NVIC_PriorityGroupConfig  misc.o
    0x08002ed0   0x0000002c   Code   RO          679    i.OLED_Clear        oled.o
    0x08002efc   0x0000003c   Code   RO          682    i.OLED_DrawPoint    oled.o
    0x08002f38   0x00000032   Code   RO         4267    i.OLED_DrawPoint_Shu  show.o
    0x08002f6a   0x00000002   PAD
    0x08002f6c   0x00000130   Code   RO          683    i.OLED_Init         oled.o
    0x0800309c   0x00000048   Code   RO          684    i.OLED_Refresh_Gram  oled.o
    0x080030e4   0x00000084   Code   RO          687    i.OLED_ShowChar     oled.o
    0x08003168   0x00000078   Code   RO          688    i.OLED_ShowNumber   oled.o
    0x080031e0   0x0000003e   Code   RO          689    i.OLED_ShowString   oled.o
    0x0800321e   0x00000002   PAD
    0x08003220   0x00000034   Code   RO         4268    i.OLED_Show_CCD     show.o
    0x08003254   0x00000044   Code   RO          690    i.OLED_WR_Byte      oled.o
    0x08003298   0x00000018   Code   RO          919    i.PS2_ClearData     pstwo.o
    0x080032b0   0x00000090   Code   RO          920    i.PS2_Cmd           pstwo.o
    0x08003340   0x0000020c   Code   RO         4095    i.PS2_Control       balance.o
    0x0800354c   0x00000040   Code   RO          921    i.PS2_DataKey       pstwo.o
    0x0800358c   0x0000005c   Code   RO          922    i.PS2_EnterConfing  pstwo.o
    0x080035e8   0x0000005c   Code   RO          923    i.PS2_ExitConfing   pstwo.o
    0x08003644   0x00000054   Code   RO          924    i.PS2_Init          pstwo.o
    0x08003698   0x000000ac   Code   RO          925    i.PS2_Read          pstwo.o
    0x08003744   0x000000a8   Code   RO          926    i.PS2_ReadData      pstwo.o
    0x080037ec   0x0000001e   Code   RO          929    i.PS2_SetInit       pstwo.o
    0x0800380a   0x00000002   PAD
    0x0800380c   0x00000044   Code   RO          930    i.PS2_ShortPoll     pstwo.o
    0x08003850   0x00000058   Code   RO          931    i.PS2_TurnOnAnalogMode  pstwo.o
    0x080038a8   0x0000000c   Code   RO         2841    i.PWR_BackupAccessCmd  stm32f4xx_pwr.o
    0x080038b4   0x00000018   Code   RO         1311    i.RCC_AHB1PeriphClockCmd  stm32f4xx_rcc.o
    0x080038cc   0x00000018   Code   RO         1316    i.RCC_AHB2PeriphResetCmd  stm32f4xx_rcc.o
    0x080038e4   0x00000018   Code   RO         1320    i.RCC_APB1PeriphClockCmd  stm32f4xx_rcc.o
    0x080038fc   0x00000018   Code   RO         1322    i.RCC_APB1PeriphResetCmd  stm32f4xx_rcc.o
    0x08003914   0x00000018   Code   RO         1323    i.RCC_APB2PeriphClockCmd  stm32f4xx_rcc.o
    0x0800392c   0x00000018   Code   RO         1325    i.RCC_APB2PeriphResetCmd  stm32f4xx_rcc.o
    0x08003944   0x00000090   Code   RO         1332    i.RCC_GetClocksFreq  stm32f4xx_rcc.o
    0x080039d4   0x0000001c   Code   RO         1341    i.RCC_LSEConfig     stm32f4xx_rcc.o
    0x080039f0   0x0000009c   Code   RO          375    i.RD_TSL            adc.o
    0x08003a8c   0x00000040   Code   RO          458    i.Read_Encoder      encoder.o
    0x08003acc   0x00000098   Code   RO         4237    i.Robot_Init        robot_select_init.o
    0x08003b64   0x00000128   Code   RO         4238    i.Robot_Select      robot_select_init.o
    0x08003c8c   0x000000b0   Code   RO          634    i.Servo_PWM_Init    motor.o
    0x08003d3c   0x000000b4   Code   RO          332    i.SetSysClock       system_stm32f4xx.o
    0x08003df0   0x00000074   Code   RO         4096    i.Set_Pwm           balance.o
    0x08003e64   0x00000140   Code   RO         4097    i.Smooth_control    balance.o
    0x08003fa4   0x00000018   Code   RO         1173    i.SysTick_CLKSourceConfig  misc.o
    0x08003fbc   0x00000014   Code   RO         1041    i.SysTick_Handler   delay.o
    0x08003fd0   0x0000005c   Code   RO          334    i.SystemInit        system_stm32f4xx.o
    0x0800402c   0x0000002e   Code   RO         2294    i.TI1_Config        stm32f4xx_tim.o
    0x0800405a   0x00000036   Code   RO         2295    i.TI2_Config        stm32f4xx_tim.o
    0x08004090   0x00000010   Code   RO          459    i.TIM2_IRQHandler   encoder.o
    0x080040a0   0x00000014   Code   RO          460    i.TIM3_IRQHandler   encoder.o
    0x080040b4   0x00000014   Code   RO          461    i.TIM4_IRQHandler   encoder.o
    0x080040c8   0x00000014   Code   RO          462    i.TIM5_IRQHandler   encoder.o
    0x080040dc   0x00000014   Code   RO         2296    i.TIM_ARRPreloadConfig  stm32f4xx_tim.o
    0x080040f0   0x00000006   Code   RO         2302    i.TIM_ClearFlag     stm32f4xx_tim.o
    0x080040f6   0x00000014   Code   RO         2308    i.TIM_Cmd           stm32f4xx_tim.o
    0x0800410a   0x00000016   Code   RO         2310    i.TIM_CtrlPWMOutputs  stm32f4xx_tim.o
    0x08004120   0x00000032   Code   RO         2317    i.TIM_EncoderInterfaceConfig  stm32f4xx_tim.o
    0x08004152   0x000000ac   Code   RO         2331    i.TIM_ICInit        stm32f4xx_tim.o
    0x080041fe   0x00000010   Code   RO         2332    i.TIM_ICStructInit  stm32f4xx_tim.o
    0x0800420e   0x00000010   Code   RO         2333    i.TIM_ITConfig      stm32f4xx_tim.o
    0x0800421e   0x00000002   PAD
    0x08004220   0x00000060   Code   RO         2337    i.TIM_OC1Init       stm32f4xx_tim.o
    0x08004280   0x0000000c   Code   RO         2340    i.TIM_OC1PreloadConfig  stm32f4xx_tim.o
    0x0800428c   0x00000080   Code   RO         2342    i.TIM_OC2Init       stm32f4xx_tim.o
    0x0800430c   0x00000014   Code   RO         2345    i.TIM_OC2PreloadConfig  stm32f4xx_tim.o
    0x08004320   0x0000007c   Code   RO         2347    i.TIM_OC3Init       stm32f4xx_tim.o
    0x0800439c   0x0000000c   Code   RO         2350    i.TIM_OC3PreloadConfig  stm32f4xx_tim.o
    0x080043a8   0x00000060   Code   RO         2352    i.TIM_OC4Init       stm32f4xx_tim.o
    0x08004408   0x00000014   Code   RO         2354    i.TIM_OC4PreloadConfig  stm32f4xx_tim.o
    0x0800441c   0x00000004   Code   RO         2374    i.TIM_SetCounter    stm32f4xx_tim.o
    0x08004420   0x00000010   Code   RO         2375    i.TIM_SetIC1Prescaler  stm32f4xx_tim.o
    0x08004430   0x00000018   Code   RO         2376    i.TIM_SetIC2Prescaler  stm32f4xx_tim.o
    0x08004448   0x00000010   Code   RO         2377    i.TIM_SetIC3Prescaler  stm32f4xx_tim.o
    0x08004458   0x00000018   Code   RO         2378    i.TIM_SetIC4Prescaler  stm32f4xx_tim.o
    0x08004470   0x0000007c   Code   RO         2380    i.TIM_TimeBaseInit  stm32f4xx_tim.o
    0x080044ec   0x00000012   Code   RO         2381    i.TIM_TimeBaseStructInit  stm32f4xx_tim.o
    0x080044fe   0x00000002   PAD
    0x08004500   0x00000024   Code   RO         4098    i.Turn_Off          balance.o
    0x08004524   0x00000138   Code   RO          865    i.UART5_IRQHandler  lidar.o
    0x0800465c   0x00000020   Code   RO          776    i.USART1_IRQHandler  usartx.o
    0x0800467c   0x000002d8   Code   RO          777    i.USART2_IRQHandler  usartx.o
    0x08004954   0x0000000c   Code   RO         1702    i.USART_ClearITPendingBit  stm32f4xx_usart.o
    0x08004960   0x00000014   Code   RO         1705    i.USART_Cmd         stm32f4xx_usart.o
    0x08004974   0x000000ac   Code   RO         1707    i.USART_DeInit      stm32f4xx_usart.o
    0x08004a20   0x0000003e   Code   RO         1709    i.USART_GetITStatus  stm32f4xx_usart.o
    0x08004a5e   0x00000030   Code   RO         1711    i.USART_ITConfig    stm32f4xx_usart.o
    0x08004a8e   0x00000002   PAD
    0x08004a90   0x000000ac   Code   RO         1712    i.USART_Init        stm32f4xx_usart.o
    0x08004b3c   0x00000008   Code   RO         1719    i.USART_ReceiveData  stm32f4xx_usart.o
    0x08004b44   0x00000002   Code   RO          258    i.UsageFault_Handler  stm32f4xx_it.o
    0x08004b46   0x00000030   Code   RO         4504    i.__ARM_fpclassify  m_wm.l(fpclassify.o)
    0x08004b76   0x00000002   PAD
    0x08004b78   0x00000c38   Code   RO         4409    i.__hardfp_pow      m_wm.l(pow.o)
    0x080057b0   0x0000007a   Code   RO         4423    i.__hardfp_sqrt     m_wm.l(sqrt.o)
    0x0800582a   0x00000006   PAD
    0x08005830   0x00000080   Code   RO         4435    i.__hardfp_tan      m_wm.l(tan.o)
    0x080058b0   0x00000438   Code   RO         4509    i.__ieee754_rem_pio2  m_wm.l(rred.o)
    0x08005ce8   0x000000f8   Code   RO         4506    i.__kernel_poly     m_wm.l(poly.o)
    0x08005de0   0x00000350   Code   RO         4514    i.__kernel_tan      m_wm.l(tan_i.o)
    0x08006130   0x00000030   Code   RO         4484    i.__mathlib_dbl_divzero  m_wm.l(dunder.o)
    0x08006160   0x00000014   Code   RO         4485    i.__mathlib_dbl_infnan  m_wm.l(dunder.o)
    0x08006174   0x00000014   Code   RO         4486    i.__mathlib_dbl_infnan2  m_wm.l(dunder.o)
    0x08006188   0x00000020   Code   RO         4487    i.__mathlib_dbl_invalid  m_wm.l(dunder.o)
    0x080061a8   0x00000020   Code   RO         4488    i.__mathlib_dbl_overflow  m_wm.l(dunder.o)
    0x080061c8   0x00000020   Code   RO         4490    i.__mathlib_dbl_underflow  m_wm.l(dunder.o)
    0x080061e8   0x00000002   Code   RO         1115    i._sys_exit         usart.o
    0x080061ea   0x00000002   PAD
    0x080061ec   0x0000006c   Code   RO          376    i.adc_task          adc.o
    0x08006258   0x000000bc   Code   RO          377    i.ccd_Init          adc.o
    0x08006314   0x00000090   Code   RO          527    i.click_N_Double    key.o
    0x080063a4   0x00000218   Code   RO          866    i.data_process      lidar.o
    0x080065bc   0x00000038   Code   RO         1042    i.delay_init        delay.o
    0x080065f4   0x00000038   Code   RO         1043    i.delay_ms          delay.o
    0x0800662c   0x00000034   Code   RO         1044    i.delay_us          delay.o
    0x08006660   0x0000008c   Code   RO          378    i.ele_Init          adc.o
    0x080066ec   0x00000018   Code   RO         4500    i.fabs              m_wm.l(fabs.o)
    0x08006704   0x00000010   Code   RO         4099    i.float_abs         balance.o
    0x08006714   0x00000018   Code   RO         1116    i.fputc             usart.o
    0x0800672c   0x0000001c   Code   RO         1046    i.getSysTickCnt     delay.o
    0x08006748   0x00000020   Code   RO          583    i.led_task          led.o
    0x08006768   0x00000038   Code   RO            3    i.main              main.o
    0x080067a0   0x00000008   Code   RO         4100    i.myabs             balance.o
    0x080067a8   0x00000010   Code   RO          691    i.oled_pow          oled.o
    0x080067b8   0x00000b18   Code   RO         4269    i.oled_show         show.o
    0x080072d0   0x00000070   Code   RO         3383    i.prvAddCurrentTaskToDelayedList  tasks.o
    0x08007340   0x000000d0   Code   RO         3384    i.prvAddNewTaskToReadyList  tasks.o
    0x08007410   0x00000050   Code   RO         3736    i.prvCheckForValidListAndQueue  timers.o
    0x08007460   0x00000054   Code   RO         3385    i.prvCheckTasksWaitingTermination  tasks.o
    0x080074b4   0x00000026   Code   RO         3160    i.prvCopyDataFromQueue  queue.o
    0x080074da   0x0000006c   Code   RO         3161    i.prvCopyDataToQueue  queue.o
    0x08007546   0x00000014   Code   RO         3386    i.prvDeleteTCB      tasks.o
    0x0800755a   0x00000002   PAD
    0x0800755c   0x0000004c   Code   RO         3949    i.prvHeapInit       heap_4.o
    0x080075a8   0x00000028   Code   RO         3387    i.prvIdleTask       tasks.o
    0x080075d0   0x000000c0   Code   RO         3388    i.prvInitialiseNewTask  tasks.o
    0x08007690   0x0000004c   Code   RO         3950    i.prvInsertBlockIntoFreeList  heap_4.o
    0x080076dc   0x00000038   Code   RO         3737    i.prvInsertTimerInActiveList  timers.o
    0x08007714   0x0000001a   Code   RO         3162    i.prvIsQueueEmpty   queue.o
    0x0800772e   0x00000002   PAD
    0x08007730   0x00000090   Code   RO         3163    i.prvNotifyQueueSetContainer  queue.o
    0x080077c0   0x00000060   Code   RO         3738    i.prvProcessExpiredTimer  timers.o
    0x08007820   0x000000f0   Code   RO         3739    i.prvProcessReceivedCommands  timers.o
    0x08007910   0x0000006c   Code   RO         3740    i.prvProcessTimerOrBlockTask  timers.o
    0x0800797c   0x00000020   Code   RO         3390    i.prvResetNextTaskUnblockTime  tasks.o
    0x0800799c   0x00000028   Code   RO         3741    i.prvSampleTimeNow  timers.o
    0x080079c4   0x0000006c   Code   RO         3742    i.prvSwitchTimerLists  timers.o
    0x08007a30   0x00000064   Code   RO         3865    i.prvTaskExitError  port.o
    0x08007a94   0x00000028   Code   RO         3743    i.prvTimerTask      timers.o
    0x08007abc   0x00000078   Code   RO         3164    i.prvUnlockQueue    queue.o
    0x08007b34   0x00000016   Code   RO          934    i.pstwo_task        pstwo.o
    0x08007b4a   0x00000002   PAD
    0x08007b4c   0x00000114   Code   RO         3951    i.pvPortMalloc      heap_4.o
    0x08007c60   0x00000018   Code   RO         3392    i.pvTaskIncrementMutexHeldCount  tasks.o
    0x08007c78   0x0000002c   Code   RO         3866    i.pxPortInitialiseStack  port.o
    0x08007ca4   0x00000128   Code   RO         4270    i.show_task         show.o
    0x08007dcc   0x0000006e   Code   RO         4425    i.sqrt              m_wm.l(sqrt.o)
    0x08007e3a   0x00000002   PAD
    0x08007e3c   0x000000cc   Code   RO            4    i.start_task        main.o
    0x08007f08   0x0000008a   Code   RO         4006    i.systemInit        system.o
    0x08007f92   0x00000020   Code   RO         4101    i.target_limit_float  balance.o
    0x08007fb2   0x00000010   Code   RO         4102    i.target_limit_int  balance.o
    0x08007fc2   0x00000002   PAD
    0x08007fc4   0x000000ac   Code   RO          780    i.uart1_init        usartx.o
    0x08008070   0x000000a8   Code   RO          781    i.uart2_init        usartx.o
    0x08008118   0x00000024   Code   RO         3115    i.uxListRemove      list.o
    0x0800813c   0x00000016   Code   RO         3116    i.vListInitialise   list.o
    0x08008152   0x00000006   Code   RO         3117    i.vListInitialiseItem  list.o
    0x08008158   0x00000030   Code   RO         3118    i.vListInsert       list.o
    0x08008188   0x00000018   Code   RO         3119    i.vListInsertEnd    list.o
    0x080081a0   0x00000078   Code   RO         3868    i.vPortEnterCritical  port.o
    0x08008218   0x00000064   Code   RO         3869    i.vPortExitCritical  port.o
    0x0800827c   0x0000009c   Code   RO         3952    i.vPortFree         heap_4.o
    0x08008318   0x00000020   Code   RO         3870    i.vPortSetupTimerInterrupt  port.o
    0x08008338   0x0000008c   Code   RO         3871    i.vPortValidateInterruptPriority  port.o
    0x080083c4   0x00000024   Code   RO         3170    i.vQueueAddToRegistry  queue.o
    0x080083e8   0x00000044   Code   RO         3174    i.vQueueWaitForMessageRestricted  queue.o
    0x0800842c   0x0000006c   Code   RO         3400    i.vTaskDelay        tasks.o
    0x08008498   0x000000ac   Code   RO         3401    i.vTaskDelayUntil   tasks.o
    0x08008544   0x000000cc   Code   RO         3402    i.vTaskDelete       tasks.o
    0x08008610   0x0000000c   Code   RO         3406    i.vTaskMissedYield  tasks.o
    0x0800861c   0x00000054   Code   RO         3408    i.vTaskPlaceOnEventList  tasks.o
    0x08008670   0x0000005c   Code   RO         3409    i.vTaskPlaceOnEventListRestricted  tasks.o
    0x080086cc   0x00000084   Code   RO         3411    i.vTaskPriorityInherit  tasks.o
    0x08008750   0x00000048   Code   RO         3415    i.vTaskSetTimeOutState  tasks.o
    0x08008798   0x00000094   Code   RO         3416    i.vTaskStartScheduler  tasks.o
    0x0800882c   0x00000010   Code   RO         3418    i.vTaskSuspendAll   tasks.o
    0x0800883c   0x0000007c   Code   RO         3419    i.vTaskSwitchContext  tasks.o
    0x080088b8   0x00000114   Code   RO         3872    i.xPortStartScheduler  port.o
    0x080089cc   0x0000002c   Code   RO         3873    i.xPortSysTickHandler  port.o
    0x080089f8   0x00000078   Code   RO         3179    i.xQueueGenericCreate  queue.o
    0x08008a70   0x00000184   Code   RO         3180    i.xQueueGenericReceive  queue.o
    0x08008bf4   0x000000a8   Code   RO         3181    i.xQueueGenericReset  queue.o
    0x08008c9c   0x00000188   Code   RO         3182    i.xQueueGenericSend  queue.o
    0x08008e24   0x000000e0   Code   RO         3183    i.xQueueGenericSendFromISR  queue.o
    0x08008f04   0x00000088   Code   RO         3420    i.xTaskCheckForTimeOut  tasks.o
    0x08008f8c   0x00000056   Code   RO         3421    i.xTaskCreate       tasks.o
    0x08008fe2   0x00000002   PAD
    0x08008fe4   0x0000001c   Code   RO         3425    i.xTaskGetSchedulerState  tasks.o
    0x08009000   0x0000000c   Code   RO         3426    i.xTaskGetTickCount  tasks.o
    0x0800900c   0x000000e8   Code   RO         3428    i.xTaskIncrementTick  tasks.o
    0x080090f4   0x000000b4   Code   RO         3431    i.xTaskPriorityDisinherit  tasks.o
    0x080091a8   0x00000098   Code   RO         3432    i.xTaskRemoveFromEventList  tasks.o
    0x08009240   0x000000e4   Code   RO         3434    i.xTaskResumeAll    tasks.o
    0x08009324   0x00000074   Code   RO         3746    i.xTimerCreate      timers.o
    0x08009398   0x00000074   Code   RO         3747    i.xTimerCreateTimerTask  timers.o
    0x0800940c   0x00000090   Code   RO         3748    i.xTimerGenericCommand  timers.o
    0x0800949c   0x00000018   Code   RO         4465    x$fpl$basic         fz_wm.l(basic.o)
    0x080094b4   0x00000062   Code   RO         4373    x$fpl$d2f           fz_wm.l(d2f.o)
    0x08009516   0x00000002   PAD
    0x08009518   0x00000150   Code   RO         4375    x$fpl$dadd          fz_wm.l(daddsub_clz.o)
    0x08009668   0x00000010   Code   RO         4546    x$fpl$dcheck1       fz_wm.l(dcheck1.o)
    0x08009678   0x00000018   Code   RO         4548    x$fpl$dcmpinf       fz_wm.l(dcmpi.o)
    0x08009690   0x000002b0   Code   RO         4382    x$fpl$ddiv          fz_wm.l(ddiv.o)
    0x08009940   0x0000005e   Code   RO         4550    x$fpl$dfix          fz_wm.l(dfix.o)
    0x0800999e   0x0000002e   Code   RO         4386    x$fpl$dflt          fz_wm.l(dflt_clz.o)
    0x080099cc   0x00000026   Code   RO         4385    x$fpl$dfltu         fz_wm.l(dflt_clz.o)
    0x080099f2   0x00000002   PAD
    0x080099f4   0x00000078   Code   RO         4467    x$fpl$dleqf         fz_wm.l(dleqf.o)
    0x08009a6c   0x00000154   Code   RO         4391    x$fpl$dmul          fz_wm.l(dmul.o)
    0x08009bc0   0x0000009c   Code   RO         4469    x$fpl$dnaninf       fz_wm.l(dnaninf.o)
    0x08009c5c   0x0000000c   Code   RO         4471    x$fpl$dretinf       fz_wm.l(dretinf.o)
    0x08009c68   0x0000006c   Code   RO         4473    x$fpl$drleqf        fz_wm.l(drleqf.o)
    0x08009cd4   0x00000016   Code   RO         4376    x$fpl$drsb          fz_wm.l(daddsub_clz.o)
    0x08009cea   0x00000002   PAD
    0x08009cec   0x00000198   Code   RO         4475    x$fpl$dsqrt         fz_wm.l(dsqrt_umaal.o)
    0x08009e84   0x000001d4   Code   RO         4377    x$fpl$dsub          fz_wm.l(daddsub_clz.o)
    0x0800a058   0x00000056   Code   RO         4393    x$fpl$f2d           fz_wm.l(f2d.o)
    0x0800a0ae   0x0000008c   Code   RO         4477    x$fpl$fnaninf       fz_wm.l(fnaninf.o)
    0x0800a13a   0x0000000a   Code   RO         4627    x$fpl$fpinit        fz_wm.l(fpinit.o)
    0x0800a144   0x0000000a   Code   RO         4479    x$fpl$fretinf       fz_wm.l(fretinf.o)
    0x0800a14e   0x00000064   Code   RO         4567    x$fpl$retnan        fz_wm.l(retnan.o)
    0x0800a1b2   0x0000005c   Code   RO         4481    x$fpl$scalbn        fz_wm.l(scalbn.o)
    0x0800a20e   0x00000030   Code   RO         4616    x$fpl$trapveneer    fz_wm.l(trapv.o)
    0x0800a23e   0x00000000   Code   RO         4483    x$fpl$usenofp       fz_wm.l(usenofp.o)
    0x0800a23e   0x000014a4   Data   RO          693    .constdata          oled.o
    0x0800b6e2   0x00000006   PAD
    0x0800b6e8   0x00000088   Data   RO         4412    .constdata          m_wm.l(pow.o)
    0x0800b770   0x00000008   Data   RO         4508    .constdata          m_wm.l(qnan.o)
    0x0800b778   0x000000c8   Data   RO         4511    .constdata          m_wm.l(rred.o)
    0x0800b840   0x00000060   Data   RO         4515    .constdata          m_wm.l(tan_i.o)
    0x0800b8a0   0x00000020   Data   RO         4690    Region$$Table       anon$$obj.o


    Execution Region RW_IRAM1 (Base: 0x20000000, Size: 0x00007080, Max: 0x00020000, ABSOLUTE, COMPRESSED[0x000000cc])

    Base Addr    Size         Type   Attr      Idx    E Section Name        Object

    0x20000000   0x00000004   Data   RW            5    .data               main.o
    0x20000004   0x00000014   Data   RW          335    .data               system_stm32f4xx.o
    0x20000018   0x00000028   Data   RW          381    .data               adc.o
    0x20000040   0x00000004   Data   RW          382    .data               adc.o
    0x20000044   0x00000004   Data   RW          384    .data               adc.o
    0x20000048   0x00000014   Data   RW          529    .data               key.o
    0x2000005c   0x00000008   Data   RW          584    .data               led.o
    0x20000064   0x0000000c   Data   RW          787    .data               usartx.o
    0x20000070   0x00000088   Data   RW          868    .data               lidar.o
    0x200000f8   0x00000028   Data   RW          936    .data               pstwo.o
    0x20000120   0x00000008   Data   RW         1047    .data               delay.o
    0x20000128   0x00000004   Data   RW         1120    .data               usart.o
    0x2000012c   0x00000010   Data   RW         1364    .data               stm32f4xx_rcc.o
    0x2000013c   0x0000003c   Data   RW         3437    .data               tasks.o
    0x20000178   0x00000014   Data   RW         3756    .data               timers.o
    0x2000018c   0x0000000c   Data   RW         3874    .data               port.o
    0x20000198   0x00000018   Data   RW         3957    .data               heap_4.o
    0x200001b0   0x00000001   Data   RW         4012    .data               system.o
    0x200001b1   0x00000001   Data   RW         4013    .data               system.o
    0x200001b2   0x00000002   PAD
    0x200001b4   0x00000004   Data   RW         4014    .data               system.o
    0x200001b8   0x00000004   Data   RW         4015    .data               system.o
    0x200001bc   0x00000004   Data   RW         4016    .data               system.o
    0x200001c0   0x00000004   Data   RW         4017    .data               system.o
    0x200001c4   0x00000004   Data   RW         4018    .data               system.o
    0x200001c8   0x00000004   Data   RW         4019    .data               system.o
    0x200001cc   0x00000004   Data   RW         4020    .data               system.o
    0x200001d0   0x00000004   Data   RW         4021    .data               system.o
    0x200001d4   0x00000004   Data   RW         4022    .data               system.o
    0x200001d8   0x00000004   Data   RW         4023    .data               system.o
    0x200001dc   0x00000004   Data   RW         4024    .data               system.o
    0x200001e0   0x00000004   Data   RW         4025    .data               system.o
    0x200001e4   0x00000004   Data   RW         4026    .data               system.o
    0x200001e8   0x00000004   Data   RW         4027    .data               system.o
    0x200001ec   0x00000004   Data   RW         4028    .data               system.o
    0x200001f0   0x00000001   Data   RW         4030    .data               system.o
    0x200001f1   0x00000001   Data   RW         4035    .data               system.o
    0x200001f2   0x00000001   Data   RW         4036    .data               system.o
    0x200001f3   0x00000001   PAD
    0x200001f4   0x00000004   Data   RW         4037    .data               system.o
    0x200001f8   0x00000004   Data   RW         4038    .data               system.o
    0x200001fc   0x00000004   Data   RW         4039    .data               system.o
    0x20000200   0x00000004   Data   RW         4040    .data               system.o
    0x20000204   0x00000004   Data   RW         4041    .data               system.o
    0x20000208   0x00000004   Data   RW         4042    .data               system.o
    0x2000020c   0x00000004   Data   RW         4043    .data               system.o
    0x20000210   0x00000004   Data   RW         4044    .data               system.o
    0x20000214   0x00000004   Data   RW         4045    .data               system.o
    0x20000218   0x00000004   Data   RW         4046    .data               system.o
    0x2000021c   0x00000004   Data   RW         4047    .data               system.o
    0x20000220   0x00000004   Data   RW         4048    .data               system.o
    0x20000224   0x00000004   Data   RW         4049    .data               system.o
    0x20000228   0x00000004   Data   RW         4050    .data               system.o
    0x2000022c   0x00000004   Data   RW         4051    .data               system.o
    0x20000230   0x00000001   Data   RW         4052    .data               system.o
    0x20000231   0x00000001   Data   RW         4053    .data               system.o
    0x20000232   0x00000001   Data   RW         4054    .data               system.o
    0x20000233   0x00000001   Data   RW         4055    .data               system.o
    0x20000234   0x00000078   Data   RW         4104    .data               balance.o
    0x200002ac   0x00000018   Data   RW         4271    .data               show.o
    0x200002c4   0x00000100   Zero   RW          379    .bss                adc.o
    0x200003c4   0x00000400   Zero   RW          692    .bss                oled.o
    0x200007c4   0x00000032   Zero   RW          784    .bss                usartx.o
    0x200007f6   0x00000002   PAD
    0x200007f8   0x00000e4c   Zero   RW          867    .bss                lidar.o
    0x20001644   0x00000009   Zero   RW          935    .bss                pstwo.o
    0x2000164d   0x00000003   PAD
    0x20001650   0x00000040   Zero   RW         3194    .bss                queue.o
    0x20001690   0x000002e4   Zero   RW         3436    .bss                tasks.o
    0x20001974   0x00000028   Zero   RW         3755    .bss                timers.o
    0x2000199c   0x00005000   Zero   RW         3956    .bss                heap_4.o
    0x2000699c   0x0000000c   Zero   RW         4007    .bss                system.o
    0x200069a8   0x00000014   Zero   RW         4008    .bss                system.o
    0x200069bc   0x00000014   Zero   RW         4009    .bss                system.o
    0x200069d0   0x00000014   Zero   RW         4010    .bss                system.o
    0x200069e4   0x00000014   Zero   RW         4011    .bss                system.o
    0x200069f8   0x00000010   Zero   RW         4103    .bss                balance.o
    0x20006a08   0x00000018   Zero   RW         4239    .bss                robot_select_init.o
    0x20006a20   0x00000060   Zero   RW         4555    .bss                c_w.l(libspace.o)
    0x20006a80   0x00000200   Zero   RW         1161    HEAP                startup_stm32f40_41xxx.o
    0x20006c80   0x00000400   Zero   RW         1160    STACK               startup_stm32f40_41xxx.o


==============================================================================

Image component sizes


      Code (inc. data)   RO Data    RW Data    ZI Data      Debug   Object Name

      1204        104          0         48        256       7861   adc.o
      6144        916          0        120         16      18989   balance.o
       212         18          0          8          0       3313   delay.o
       924         64          0          0          0       5911   encoder.o
         0          0          0          0          0       9496   event_groups.o
       584        138          0         24      20480       4103   heap_4.o
       188         14          0         20          0       3258   key.o
       192         24          0          8          0       3015   led.o
      1908        256          0        136       3660       7870   lidar.o
       136          0          0          0          0       3318   list.o
       260        112          0          4          0     313884   main.o
       144         14          0          0          0       2173   misc.o
       976         54          0          0          0       4642   motor.o
       878         42       5284          0       1024       7315   oled.o
      1038        382          0         12          0      11365   port.o
      1048        120          0         40          9       8524   pstwo.o
      1832        236          0          0         64      12217   queue.o
       448        128          0          0         24       1793   robot_select_init.o
      4006        588          0         24          0       5761   show.o
        64         26        392          0       1536        880   startup_stm32f40_41xxx.o
       310         20          0          0          0       6143   stm32f4xx_adc.o
       160          0          0          0          0       2879   stm32f4xx_gpio.o
        12          0          0          0          0       3009   stm32f4xx_it.o
        12          6          0          0          0        558   stm32f4xx_pwr.o
       316         54          0         16          0       7186   stm32f4xx_rcc.o
      1156         60          0          0          0      17114   stm32f4xx_tim.o
       494         42          0          0          0       5551   stm32f4xx_usart.o
       138          0          0        129         92       4143   system.o
       272         36          0         20          0       1965   system_stm32f4xx.o
      2930        714          0         60        740      30769   tasks.o
      1144        260          0         20         40       9630   timers.o
        26          6          0          4          0       3028   usart.o
      1100        148          0         12         50       3598   usartx.o

    ----------------------------------------------------------------------
     30300       4582       5714        708      27996     531261   Object Totals
         0          0         32          0          0          0   (incl. Generated)
        44          0          6          3          5          0   (incl. Padding)

    ----------------------------------------------------------------------

      Code (inc. data)   RO Data    RW Data    ZI Data      Debug   Library Member Name

        90          0          0          0          0          0   __dczerorl2.o
         8          0          0          0          0         68   __main.o
       104          0          0          0          0         84   __printf.o
         0          0          0          0          0          0   __rtentry.o
        12          0          0          0          0          0   __rtentry2.o
         6          0          0          0          0          0   __rtentry4.o
        52          8          0          0          0          0   __scatter.o
        28          0          0          0          0          0   __scatter_zi.o
        44          0          0          0          0        108   _printf_char.o
        48          6          0          0          0         96   _printf_char_common.o
        36          4          0          0          0         80   _printf_char_file.o
         6          0          0          0          0          0   _printf_d.o
       120         16          0          0          0         92   _printf_dec.o
       178          0          0          0          0         88   _printf_intcommon.o
         0          0          0          0          0          0   _printf_percent.o
         4          0          0          0          0          0   _printf_percent_end.o
         6          0          0          0          0          0   _printf_s.o
        82          0          0          0          0         80   _printf_str.o
        22          0          0          0          0        100   _rserrno.o
        16          0          0          0          0         68   aeabi_memset.o
        12          0          0          0          0         72   exit.o
         8          0          0          0          0         68   ferror.o
         6          0          0          0          0        152   heapauxi.o
         2          0          0          0          0          0   libinit.o
         6          0          0          0          0          0   libinit2.o
         2          0          0          0          0          0   libshutdown.o
         2          0          0          0          0          0   libshutdown2.o
         8          4          0          0         96         68   libspace.o
        24          4          0          0          0         84   noretval__2printf.o
         8          4          0          0          0         68   rt_errno_addr_intlibspace.o
        68          0          0          0          0         68   rt_memclr.o
        78          0          0          0          0         80   rt_memclr_w.o
       138          0          0          0          0         68   rt_memcpy_v6.o
       100          0          0          0          0         80   rt_memcpy_w.o
         2          0          0          0          0          0   rtexit.o
        10          0          0          0          0          0   rtexit2.o
        74          0          0          0          0         80   sys_stackheap_outer.o
         2          0          0          0          0         68   use_no_semi.o
         2          0          0          0          0         68   use_no_semi_2.o
        24          0          0          0          0        164   basic.o
        98          4          0          0          0        140   d2f.o
       826         16          0          0          0        492   daddsub_clz.o
        16          4          0          0          0        116   dcheck1.o
        24          0          0          0          0        116   dcmpi.o
       688        140          0          0          0        256   ddiv.o
        94          4          0          0          0        140   dfix.o
        84          0          0          0          0        232   dflt_clz.o
       120          4          0          0          0        140   dleqf.o
       340         12          0          0          0        152   dmul.o
       156          4          0          0          0        140   dnaninf.o
        12          0          0          0          0        116   dretinf.o
       108          0          0          0          0        128   drleqf.o
       408         56          0          0          0        168   dsqrt_umaal.o
        86          4          0          0          0        132   f2d.o
       140          4          0          0          0        132   fnaninf.o
        10          0          0          0          0        116   fpinit.o
        10          0          0          0          0        116   fretinf.o
       100          0          0          0          0        116   retnan.o
        92          0          0          0          0        116   scalbn.o
        48          0          0          0          0        116   trapv.o
         0          0          0          0          0          0   usenofp.o
       184         44          0          0          0        744   dunder.o
        24          0          0          0          0        124   fabs.o
        48          0          0          0          0        124   fpclassify.o
       248          0          0          0          0        152   poly.o
      3128        302        136          0          0        356   pow.o
         0          0          8          0          0          0   qnan.o
      1080        142        200          0          0        188   rred.o
       232          0          0          0          0        296   sqrt.o
       128         20          0          0          0        144   tan.o
       848         84         96          0          0        196   tan_i.o

    ----------------------------------------------------------------------
     10842        890        440          0         96       7556   Library Totals
        24          0          0          0          0          0   (incl. Padding)

    ----------------------------------------------------------------------

      Code (inc. data)   RO Data    RW Data    ZI Data      Debug   Library Name

      1414         46          0          0         96       1888   c_w.l
      3484        252          0          0          0       3344   fz_wm.l
      5920        592        440          0          0       2324   m_wm.l

    ----------------------------------------------------------------------
     10842        890        440          0         96       7556   Library Totals

    ----------------------------------------------------------------------

==============================================================================


      Code (inc. data)   RO Data    RW Data    ZI Data      Debug   

     41142       5472       6154        708      28092     511829   Grand Totals
     41142       5472       6154        204      28092     511829   ELF Image Totals (compressed)
     41142       5472       6154        204          0          0   ROM Totals

==============================================================================

    Total RO  Size (Code + RO Data)                47296 (  46.19kB)
    Total RW  Size (RW Data + ZI Data)             28800 (  28.13kB)
    Total ROM Size (Code + RO Data + RW Data)      47500 (  46.39kB)

==============================================================================

